{
  "timestamp": "2026-04-01T00:41:26.879Z",
  "message": "Invalid column name 'DiaOpeMes'.",
  "number": 207,
  "state": 1,
  "procName": "",
  "stack": "RequestError: Invalid column name 'DiaOpeMes'.\n    at handleError (C:\\Users\\ralme\\OneDrive\\Área de Trabalho\\rebuildapr\\projetoAPR\\server\\node_modules\\mssql\\lib\\tedious\\request.js:384:15)\n    at Connection.emit (node:events:508:28)\n    at Connection.emit (C:\\Users\\ralme\\OneDrive\\Área de Trabalho\\rebuildapr\\projetoAPR\\server\\node_modules\\tedious\\lib\\connection.js:1013:18)\n    at RequestTokenHandler.onErrorMessage (C:\\Users\\ralme\\OneDrive\\Área de Trabalho\\rebuildapr\\projetoAPR\\server\\node_modules\\tedious\\lib\\token\\handler.js:285:21)"
}
---
{
  "timestamp": "2026-04-01T01:10:06.549Z",
  "message": "Must declare the scalar variable \"@tpgass\".",
  "number": 137,
  "state": 2,
  "procName": "",
  "stack": "RequestError: Must declare the scalar variable \"@tpgass\".\n    at handleError (C:\\Users\\ralme\\OneDrive\\Área de Trabalho\\rebuildapr\\projetoAPR\\server\\node_modules\\mssql\\lib\\tedious\\request.js:384:15)\n    at Connection.emit (node:events:508:28)\n    at Connection.emit (C:\\Users\\ralme\\OneDrive\\Área de Trabalho\\rebuildapr\\projetoAPR\\server\\node_modules\\tedious\\lib\\connection.js:1013:18)\n    at RequestTokenHandler.onErrorMessage (C:\\Users\\ralme\\OneDrive\\Área de Trabalho\\rebuildapr\\projetoAPR\\server\\node_modules\\tedious\\lib\\token\\handler.js:285:21)"
}
---
{
  "timestamp": "2026-04-01T01:11:10.584Z",
  "message": "Must declare the scalar variable \"@tpgass\".",
  "number": 137,
  "state": 2,
  "procName": "",
  "stack": "RequestError: Must declare the scalar variable \"@tpgass\".\n    at handleError (C:\\Users\\ralme\\OneDrive\\Área de Trabalho\\rebuildapr\\projetoAPR\\server\\node_modules\\mssql\\lib\\tedious\\request.js:384:15)\n    at Connection.emit (node:events:508:28)\n    at Connection.emit (C:\\Users\\ralme\\OneDrive\\Área de Trabalho\\rebuildapr\\projetoAPR\\server\\node_modules\\tedious\\lib\\connection.js:1013:18)\n    at RequestTokenHandler.onErrorMessage (C:\\Users\\ralme\\OneDrive\\Área de Trabalho\\rebuildapr\\projetoAPR\\server\\node_modules\\tedious\\lib\\token\\handler.js:285:21)"
}
---
{
  "timestamp": "2026-04-01T01:12:27.117Z",
  "message": "Must declare the scalar variable \"@tpgass\".",
  "number": 137,
  "state": 2,
  "procName": "",
  "stack": "RequestError: Must declare the scalar variable \"@tpgass\".\n    at handleError (C:\\Users\\ralme\\OneDrive\\Área de Trabalho\\rebuildapr\\projetoAPR\\server\\node_modules\\mssql\\lib\\tedious\\request.js:384:15)\n    at Connection.emit (node:events:508:28)\n    at Connection.emit (C:\\Users\\ralme\\OneDrive\\Área de Trabalho\\rebuildapr\\projetoAPR\\server\\node_modules\\tedious\\lib\\connection.js:1013:18)\n    at RequestTokenHandler.onErrorMessage (C:\\Users\\ralme\\OneDrive\\Área de Trabalho\\rebuildapr\\projetoAPR\\server\\node_modules\\tedious\\lib\\token\\handler.js:285:21)"
}
---
{
  "timestamp": "2026-04-01T01:47:49.034Z",
  "message": "Conversion failed when converting the varchar value '0,00' to data type int.",
  "number": 245,
  "state": 1,
  "procName": "",
  "stack": "RequestError: Conversion failed when converting the varchar value '0,00' to data type int.\n    at handleError (C:\\Users\\ralme\\OneDrive\\Área de Trabalho\\rebuildapr\\projetoAPR\\server\\node_modules\\mssql\\lib\\tedious\\request.js:384:15)\n    at Connection.emit (node:events:508:28)\n    at Connection.emit (C:\\Users\\ralme\\OneDrive\\Área de Trabalho\\rebuildapr\\projetoAPR\\server\\node_modules\\tedious\\lib\\connection.js:1013:18)\n    at RequestTokenHandler.onErrorMessage (C:\\Users\\ralme\\OneDrive\\Área de Trabalho\\rebuildapr\\projetoAPR\\server\\node_modules\\tedious\\lib\\token\\handler.js:285:21)"
}
---
{
  "timestamp": "2026-04-01T01:48:07.197Z",
  "message": "Conversion failed when converting the varchar value '0,00' to data type int.",
  "number": 245,
  "state": 1,
  "procName": "",
  "stack": "RequestError: Conversion failed when converting the varchar value '0,00' to data type int.\n    at handleError (C:\\Users\\ralme\\OneDrive\\Área de Trabalho\\rebuildapr\\projetoAPR\\server\\node_modules\\mssql\\lib\\tedious\\request.js:384:15)\n    at Connection.emit (node:events:508:28)\n    at Connection.emit (C:\\Users\\ralme\\OneDrive\\Área de Trabalho\\rebuildapr\\projetoAPR\\server\\node_modules\\tedious\\lib\\connection.js:1013:18)\n    at RequestTokenHandler.onErrorMessage (C:\\Users\\ralme\\OneDrive\\Área de Trabalho\\rebuildapr\\projetoAPR\\server\\node_modules\\tedious\\lib\\token\\handler.js:285:21)"
}
---
{
  "timestamp": "2026-04-01T01:48:39.975Z",
  "message": "Conversion failed when converting the varchar value '0,00' to data type int.",
  "number": 245,
  "state": 1,
  "procName": "",
  "stack": "RequestError: Conversion failed when converting the varchar value '0,00' to data type int.\n    at handleError (C:\\Users\\ralme\\OneDrive\\Área de Trabalho\\rebuildapr\\projetoAPR\\server\\node_modules\\mssql\\lib\\tedious\\request.js:384:15)\n    at Connection.emit (node:events:508:28)\n    at Connection.emit (C:\\Users\\ralme\\OneDrive\\Área de Trabalho\\rebuildapr\\projetoAPR\\server\\node_modules\\tedious\\lib\\connection.js:1013:18)\n    at RequestTokenHandler.onErrorMessage (C:\\Users\\ralme\\OneDrive\\Área de Trabalho\\rebuildapr\\projetoAPR\\server\\node_modules\\tedious\\lib\\token\\handler.js:285:21)"
}
---
{
  "timestamp": "2026-04-01T01:59:42.304Z",
  "message": "Conversion failed when converting the varchar value '0,00' to data type int.",
  "number": 245,
  "state": 1,
  "procName": "",
  "stack": "RequestError: Conversion failed when converting the varchar value '0,00' to data type int.\n    at handleError (C:\\Users\\ralme\\OneDrive\\Área de Trabalho\\rebuildapr\\projetoAPR\\server\\node_modules\\mssql\\lib\\tedious\\request.js:384:15)\n    at Connection.emit (node:events:508:28)\n    at Connection.emit (C:\\Users\\ralme\\OneDrive\\Área de Trabalho\\rebuildapr\\projetoAPR\\server\\node_modules\\tedious\\lib\\connection.js:1013:18)\n    at RequestTokenHandler.onErrorMessage (C:\\Users\\ralme\\OneDrive\\Área de Trabalho\\rebuildapr\\projetoAPR\\server\\node_modules\\tedious\\lib\\token\\handler.js:285:21)"
}
---
{
  "timestamp": "2026-04-01T02:00:02.702Z",
  "message": "Conversion failed when converting the varchar value '0,00' to data type int.",
  "number": 245,
  "state": 1,
  "procName": "",
  "stack": "RequestError: Conversion failed when converting the varchar value '0,00' to data type int.\n    at handleError (C:\\Users\\ralme\\OneDrive\\Área de Trabalho\\rebuildapr\\projetoAPR\\server\\node_modules\\mssql\\lib\\tedious\\request.js:384:15)\n    at Connection.emit (node:events:508:28)\n    at Connection.emit (C:\\Users\\ralme\\OneDrive\\Área de Trabalho\\rebuildapr\\projetoAPR\\server\\node_modules\\tedious\\lib\\connection.js:1013:18)\n    at RequestTokenHandler.onErrorMessage (C:\\Users\\ralme\\OneDrive\\Área de Trabalho\\rebuildapr\\projetoAPR\\server\\node_modules\\tedious\\lib\\token\\handler.js:285:21)"
}
---
{
  "timestamp": "2026-04-01T02:00:49.375Z",
  "message": "Conversion failed when converting the varchar value '0,00' to data type int.",
  "number": 245,
  "state": 1,
  "procName": "",
  "stack": "RequestError: Conversion failed when converting the varchar value '0,00' to data type int.\n    at handleError (C:\\Users\\ralme\\OneDrive\\Área de Trabalho\\rebuildapr\\projetoAPR\\server\\node_modules\\mssql\\lib\\tedious\\request.js:384:15)\n    at Connection.emit (node:events:508:28)\n    at Connection.emit (C:\\Users\\ralme\\OneDrive\\Área de Trabalho\\rebuildapr\\projetoAPR\\server\\node_modules\\tedious\\lib\\connection.js:1013:18)\n    at RequestTokenHandler.onErrorMessage (C:\\Users\\ralme\\OneDrive\\Área de Trabalho\\rebuildapr\\projetoAPR\\server\\node_modules\\tedious\\lib\\token\\handler.js:285:21)"
}
---
{
  "timestamp": "2026-04-01T02:02:41.788Z",
  "message": "Conversion failed when converting the varchar value '0,00' to data type int.",
  "number": 245,
  "state": 1,
  "procName": "",
  "stack": "RequestError: Conversion failed when converting the varchar value '0,00' to data type int.\n    at handleError (C:\\Users\\ralme\\OneDrive\\Área de Trabalho\\rebuildapr\\projetoAPR\\server\\node_modules\\mssql\\lib\\tedious\\request.js:384:15)\n    at Connection.emit (node:events:508:28)\n    at Connection.emit (C:\\Users\\ralme\\OneDrive\\Área de Trabalho\\rebuildapr\\projetoAPR\\server\\node_modules\\tedious\\lib\\connection.js:1013:18)\n    at RequestTokenHandler.onErrorMessage (C:\\Users\\ralme\\OneDrive\\Área de Trabalho\\rebuildapr\\projetoAPR\\server\\node_modules\\tedious\\lib\\token\\handler.js:285:21)"
}
---
{
  "timestamp": "2026-04-01T02:05:59.971Z",
  "message": "Conversion failed when converting the varchar value 'PROV-2026000102' to data type int.",
  "number": 245,
  "state": 1,
  "procName": "",
  "stack": "RequestError: Conversion failed when converting the varchar value 'PROV-2026000102' to data type int.\n    at handleError (C:\\Users\\ralme\\OneDrive\\Área de Trabalho\\rebuildapr\\projetoAPR\\server\\node_modules\\mssql\\lib\\tedious\\request.js:384:15)\n    at Connection.emit (node:events:508:28)\n    at Connection.emit (C:\\Users\\ralme\\OneDrive\\Área de Trabalho\\rebuildapr\\projetoAPR\\server\\node_modules\\tedious\\lib\\connection.js:1013:18)\n    at RequestTokenHandler.onErrorMessage (C:\\Users\\ralme\\OneDrive\\Área de Trabalho\\rebuildapr\\projetoAPR\\server\\node_modules\\tedious\\lib\\token\\handler.js:285:21)"
}
---
{
  "timestamp": "2026-04-01T02:06:50.089Z",
  "message": "Conversion failed when converting the varchar value 'PROV-2026000102' to data type int.",
  "number": 245,
  "state": 1,
  "procName": "",
  "stack": "RequestError: Conversion failed when converting the varchar value 'PROV-2026000102' to data type int.\n    at handleError (C:\\Users\\ralme\\OneDrive\\Área de Trabalho\\rebuildapr\\projetoAPR\\server\\node_modules\\mssql\\lib\\tedious\\request.js:384:15)\n    at Connection.emit (node:events:508:28)\n    at Connection.emit (C:\\Users\\ralme\\OneDrive\\Área de Trabalho\\rebuildapr\\projetoAPR\\server\\node_modules\\tedious\\lib\\connection.js:1013:18)\n    at RequestTokenHandler.onErrorMessage (C:\\Users\\ralme\\OneDrive\\Área de Trabalho\\rebuildapr\\projetoAPR\\server\\node_modules\\tedious\\lib\\token\\handler.js:285:21)"
}
---
{
  "timestamp": "2026-04-01T02:07:15.985Z",
  "message": "Conversion failed when converting the varchar value 'PROV-2026000102' to data type int.",
  "number": 245,
  "state": 1,
  "procName": "",
  "stack": "RequestError: Conversion failed when converting the varchar value 'PROV-2026000102' to data type int.\n    at handleError (C:\\Users\\ralme\\OneDrive\\Área de Trabalho\\rebuildapr\\projetoAPR\\server\\node_modules\\mssql\\lib\\tedious\\request.js:384:15)\n    at Connection.emit (node:events:508:28)\n    at Connection.emit (C:\\Users\\ralme\\OneDrive\\Área de Trabalho\\rebuildapr\\projetoAPR\\server\\node_modules\\tedious\\lib\\connection.js:1013:18)\n    at RequestTokenHandler.onErrorMessage (C:\\Users\\ralme\\OneDrive\\Área de Trabalho\\rebuildapr\\projetoAPR\\server\\node_modules\\tedious\\lib\\token\\handler.js:285:21)"
}
---
{
  "timestamp": "2026-04-01T02:09:34.192Z",
  "message": "Conversion failed when converting the varchar value 'PROV-2026000103' to data type int.",
  "number": 245,
  "state": 1,
  "procName": "",
  "stack": "RequestError: Conversion failed when converting the varchar value 'PROV-2026000103' to data type int.\n    at handleError (C:\\Users\\ralme\\OneDrive\\Área de Trabalho\\rebuildapr\\projetoAPR\\server\\node_modules\\mssql\\lib\\tedious\\request.js:384:15)\n    at Connection.emit (node:events:508:28)\n    at Connection.emit (C:\\Users\\ralme\\OneDrive\\Área de Trabalho\\rebuildapr\\projetoAPR\\server\\node_modules\\tedious\\lib\\connection.js:1013:18)\n    at RequestTokenHandler.onErrorMessage (C:\\Users\\ralme\\OneDrive\\Área de Trabalho\\rebuildapr\\projetoAPR\\server\\node_modules\\tedious\\lib\\token\\handler.js:285:21)"
}
---
{
  "timestamp": "2026-04-01T02:40:00.802Z",
  "message": "Conversion failed when converting the varchar value 'PROV-2026000103' to data type int.",
  "number": 245,
  "state": 1,
  "procName": "",
  "stack": "RequestError: Conversion failed when converting the varchar value 'PROV-2026000103' to data type int.\n    at handleError (C:\\Users\\ralme\\OneDrive\\Área de Trabalho\\rebuildapr\\projetoAPR\\server\\node_modules\\mssql\\lib\\tedious\\request.js:384:15)\n    at Connection.emit (node:events:508:28)\n    at Connection.emit (C:\\Users\\ralme\\OneDrive\\Área de Trabalho\\rebuildapr\\projetoAPR\\server\\node_modules\\tedious\\lib\\connection.js:1013:18)\n    at RequestTokenHandler.onErrorMessage (C:\\Users\\ralme\\OneDrive\\Área de Trabalho\\rebuildapr\\projetoAPR\\server\\node_modules\\tedious\\lib\\token\\handler.js:285:21)"
}
---
{
  "timestamp": "2026-04-01T02:45:07.622Z",
  "message": "Conversion failed when converting the varchar value 'PROV-2026000102' to data type int.",
  "number": 245,
  "state": 1,
  "procName": "",
  "stack": "RequestError: Conversion failed when converting the varchar value 'PROV-2026000102' to data type int.\n    at handleError (C:\\Users\\ralme\\OneDrive\\Área de Trabalho\\rebuildapr\\projetoAPR\\server\\node_modules\\mssql\\lib\\tedious\\request.js:384:15)\n    at Connection.emit (node:events:508:28)\n    at Connection.emit (C:\\Users\\ralme\\OneDrive\\Área de Trabalho\\rebuildapr\\projetoAPR\\server\\node_modules\\tedious\\lib\\connection.js:1013:18)\n    at RequestTokenHandler.onErrorMessage (C:\\Users\\ralme\\OneDrive\\Área de Trabalho\\rebuildapr\\projetoAPR\\server\\node_modules\\tedious\\lib\\token\\handler.js:285:21)"
}
---
{
  "timestamp": "2026-04-01T02:45:35.800Z",
  "message": "Conversion failed when converting the varchar value 'PROV-2026000102' to data type int.",
  "number": 245,
  "state": 1,
  "procName": "",
  "stack": "RequestError: Conversion failed when converting the varchar value 'PROV-2026000102' to data type int.\n    at handleError (C:\\Users\\ralme\\OneDrive\\Área de Trabalho\\rebuildapr\\projetoAPR\\server\\node_modules\\mssql\\lib\\tedious\\request.js:384:15)\n    at Connection.emit (node:events:508:28)\n    at Connection.emit (C:\\Users\\ralme\\OneDrive\\Área de Trabalho\\rebuildapr\\projetoAPR\\server\\node_modules\\tedious\\lib\\connection.js:1013:18)\n    at RequestTokenHandler.onErrorMessage (C:\\Users\\ralme\\OneDrive\\Área de Trabalho\\rebuildapr\\projetoAPR\\server\\node_modules\\tedious\\lib\\token\\handler.js:285:21)"
}
---
{
  "timestamp": "2026-04-01T02:46:05.477Z",
  "message": "Conversion failed when converting the varchar value 'PROV-2026000102' to data type int.",
  "number": 245,
  "state": 1,
  "procName": "",
  "stack": "RequestError: Conversion failed when converting the varchar value 'PROV-2026000102' to data type int.\n    at handleError (C:\\Users\\ralme\\OneDrive\\Área de Trabalho\\rebuildapr\\projetoAPR\\server\\node_modules\\mssql\\lib\\tedious\\request.js:384:15)\n    at Connection.emit (node:events:508:28)\n    at Connection.emit (C:\\Users\\ralme\\OneDrive\\Área de Trabalho\\rebuildapr\\projetoAPR\\server\\node_modules\\tedious\\lib\\connection.js:1013:18)\n    at RequestTokenHandler.onErrorMessage (C:\\Users\\ralme\\OneDrive\\Área de Trabalho\\rebuildapr\\projetoAPR\\server\\node_modules\\tedious\\lib\\token\\handler.js:285:21)"
}
---
{
  "timestamp": "2026-04-06T23:03:27.139Z",
  "message": "Conversion failed when converting the varchar value '0,00' to data type int.",
  "number": 245,
  "state": 1,
  "procName": "",
  "stack": "RequestError: Conversion failed when converting the varchar value '0,00' to data type int.\n    at handleError (C:\\Users\\ralme\\OneDrive\\Área de Trabalho\\rebuildapr\\projetoAPR\\server\\node_modules\\mssql\\lib\\tedious\\request.js:384:15)\n    at Connection.emit (node:events:508:28)\n    at Connection.emit (C:\\Users\\ralme\\OneDrive\\Área de Trabalho\\rebuildapr\\projetoAPR\\server\\node_modules\\tedious\\lib\\connection.js:1013:18)\n    at RequestTokenHandler.onErrorMessage (C:\\Users\\ralme\\OneDrive\\Área de Trabalho\\rebuildapr\\projetoAPR\\server\\node_modules\\tedious\\lib\\token\\handler.js:285:21)"
}
---
{
  "timestamp": "2026-04-06T23:24:11.422Z",
  "message": "Conversion failed when converting the varchar value '0,00' to data type int.",
  "number": 245,
  "state": 1,
  "procName": "",
  "stack": "RequestError: Conversion failed when converting the varchar value '0,00' to data type int.\n    at handleError (C:\\Users\\ralme\\OneDrive\\Área de Trabalho\\rebuildapr\\projetoAPR\\server\\node_modules\\mssql\\lib\\tedious\\request.js:384:15)\n    at Connection.emit (node:events:508:28)\n    at Connection.emit (C:\\Users\\ralme\\OneDrive\\Área de Trabalho\\rebuildapr\\projetoAPR\\server\\node_modules\\tedious\\lib\\connection.js:1013:18)\n    at RequestTokenHandler.onErrorMessage (C:\\Users\\ralme\\OneDrive\\Área de Trabalho\\rebuildapr\\projetoAPR\\server\\node_modules\\tedious\\lib\\token\\handler.js:285:21)"
}
---
{
  "timestamp": "2026-04-09T15:39:04.442Z",
  "message": "Validation failed for parameter 'nro'. Invalid string.",
  "id": "5",
  "studyNumber": {
    "nextNumber": "PROV-2026000102"
  },
  "status": "Em Análise",
  "numericStatus": 330,
  "stack": "RequestError: Validation failed for parameter 'nro'. Invalid string.\n    at C:\\Users\\ralme\\OneDrive\\Área de Trabalho\\rebuildapr\\projetoAPR\\server\\node_modules\\mssql\\lib\\tedious\\request.js:449:19\n    at Array.forEach (<anonymous>)\n    at Request.userCallback (C:\\Users\\ralme\\OneDrive\\Área de Trabalho\\rebuildapr\\projetoAPR\\server\\node_modules\\mssql\\lib\\tedious\\request.js:446:46)\n    at Request.callback (C:\\Users\\ralme\\OneDrive\\Área de Trabalho\\rebuildapr\\projetoAPR\\server\\node_modules\\tedious\\lib\\request.js:239:14)"
}
---
{
  "timestamp": "2026-04-09T15:45:15.410Z",
  "message": "Validation failed for parameter 'nro'. Invalid string.",
  "id": "5",
  "studyNumber": {
    "nextNumber": "PROV-2026000102"
  },
  "status": "Em Análise",
  "numericStatus": 330,
  "stack": "RequestError: Validation failed for parameter 'nro'. Invalid string.\n    at C:\\Users\\ralme\\OneDrive\\Área de Trabalho\\rebuildapr\\projetoAPR\\server\\node_modules\\mssql\\lib\\tedious\\request.js:449:19\n    at Array.forEach (<anonymous>)\n    at Request.userCallback (C:\\Users\\ralme\\OneDrive\\Área de Trabalho\\rebuildapr\\projetoAPR\\server\\node_modules\\mssql\\lib\\tedious\\request.js:446:46)\n    at Request.callback (C:\\Users\\ralme\\OneDrive\\Área de Trabalho\\rebuildapr\\projetoAPR\\server\\node_modules\\tedious\\lib\\request.js:239:14)"
}
---
{
  "timestamp": "2026-04-09T15:57:13.325Z",
  "message": "Must declare the scalar variable \"@estudoRelev\".",
  "id": "5",
  "studyNumber": "PROV-2026000102",
  "status": "Rejeitado",
  "numericStatus": 220,
  "stack": "RequestError: Must declare the scalar variable \"@estudoRelev\".\n    at handleError (C:\\Users\\ralme\\OneDrive\\Área de Trabalho\\rebuildapr\\projetoAPR\\server\\node_modules\\mssql\\lib\\tedious\\request.js:384:15)\n    at Connection.emit (node:events:508:28)\n    at Connection.emit (C:\\Users\\ralme\\OneDrive\\Área de Trabalho\\rebuildapr\\projetoAPR\\server\\node_modules\\tedious\\lib\\connection.js:1013:18)\n    at RequestTokenHandler.onErrorMessage (C:\\Users\\ralme\\OneDrive\\Área de Trabalho\\rebuildapr\\projetoAPR\\server\\node_modules\\tedious\\lib\\token\\handler.js:285:21)"
}
---
{
  "timestamp": "2026-04-09T15:58:10.686Z",
  "message": "Must declare the scalar variable \"@estudoRelev\".",
  "id": "5",
  "studyNumber": "2026000102",
  "status": "Aguardando Execução",
  "numericStatus": 200,
  "stack": "RequestError: Must declare the scalar variable \"@estudoRelev\".\n    at handleError (C:\\Users\\ralme\\OneDrive\\Área de Trabalho\\rebuildapr\\projetoAPR\\server\\node_modules\\mssql\\lib\\tedious\\request.js:384:15)\n    at Connection.emit (node:events:508:28)\n    at Connection.emit (C:\\Users\\ralme\\OneDrive\\Área de Trabalho\\rebuildapr\\projetoAPR\\server\\node_modules\\tedious\\lib\\connection.js:1013:18)\n    at RequestTokenHandler.onErrorMessage (C:\\Users\\ralme\\OneDrive\\Área de Trabalho\\rebuildapr\\projetoAPR\\server\\node_modules\\tedious\\lib\\token\\handler.js:285:21)"
}
---
{
  "timestamp": "2026-04-09T15:58:56.738Z",
  "message": "Must declare the scalar variable \"@estudoRelev\".",
  "id": "1",
  "studyNumber": "2026000101",
  "status": "Aguardando Execução",
  "numericStatus": 200,
  "stack": "RequestError: Must declare the scalar variable \"@estudoRelev\".\n    at handleError (C:\\Users\\ralme\\OneDrive\\Área de Trabalho\\rebuildapr\\projetoAPR\\server\\node_modules\\mssql\\lib\\tedious\\request.js:384:15)\n    at Connection.emit (node:events:508:28)\n    at Connection.emit (C:\\Users\\ralme\\OneDrive\\Área de Trabalho\\rebuildapr\\projetoAPR\\server\\node_modules\\tedious\\lib\\connection.js:1013:18)\n    at RequestTokenHandler.onErrorMessage (C:\\Users\\ralme\\OneDrive\\Área de Trabalho\\rebuildapr\\projetoAPR\\server\\node_modules\\tedious\\lib\\token\\handler.js:285:21)"
}
---
{
  "timestamp": "2026-04-09T16:00:21.404Z",
  "message": "Must declare the scalar variable \"@estudoRelev\".",
  "id": "5",
  "studyNumber": "PROV-2026000102",
  "status": "Rejeitado",
  "numericStatus": 220,
  "stack": "RequestError: Must declare the scalar variable \"@estudoRelev\".\n    at handleError (C:\\Users\\ralme\\OneDrive\\Área de Trabalho\\rebuildapr\\projetoAPR\\server\\node_modules\\mssql\\lib\\tedious\\request.js:384:15)\n    at Connection.emit (node:events:508:28)\n    at Connection.emit (C:\\Users\\ralme\\OneDrive\\Área de Trabalho\\rebuildapr\\projetoAPR\\server\\node_modules\\tedious\\lib\\connection.js:1013:18)\n    at RequestTokenHandler.onErrorMessage (C:\\Users\\ralme\\OneDrive\\Área de Trabalho\\rebuildapr\\projetoAPR\\server\\node_modules\\tedious\\lib\\token\\handler.js:285:21)"
}
---
{
  "timestamp": "2026-04-09T16:06:09.034Z",
  "message": "Must declare the scalar variable \"@estudoRelev\".",
  "id": "5",
  "studyNumber": "PROV-2026000102",
  "status": "Rejeitado",
  "numericStatus": 220,
  "stack": "RequestError: Must declare the scalar variable \"@estudoRelev\".\n    at handleError (C:\\Users\\ralme\\OneDrive\\Área de Trabalho\\rebuildapr\\projetoAPR\\server\\node_modules\\mssql\\lib\\tedious\\request.js:384:15)\n    at Connection.emit (node:events:508:28)\n    at Connection.emit (C:\\Users\\ralme\\OneDrive\\Área de Trabalho\\rebuildapr\\projetoAPR\\server\\node_modules\\tedious\\lib\\connection.js:1013:18)\n    at RequestTokenHandler.onErrorMessage (C:\\Users\\ralme\\OneDrive\\Área de Trabalho\\rebuildapr\\projetoAPR\\server\\node_modules\\tedious\\lib\\token\\handler.js:285:21)"
}
---
{
  "timestamp": "2026-04-09T16:06:38.603Z",
  "message": "Must declare the scalar variable \"@estudoRelev\".",
  "id": "1",
  "studyNumber": "2026000101",
  "status": "Aguardando Execução",
  "numericStatus": 200,
  "stack": "RequestError: Must declare the scalar variable \"@estudoRelev\".\n    at handleError (C:\\Users\\ralme\\OneDrive\\Área de Trabalho\\rebuildapr\\projetoAPR\\server\\node_modules\\mssql\\lib\\tedious\\request.js:384:15)\n    at Connection.emit (node:events:508:28)\n    at Connection.emit (C:\\Users\\ralme\\OneDrive\\Área de Trabalho\\rebuildapr\\projetoAPR\\server\\node_modules\\tedious\\lib\\connection.js:1013:18)\n    at RequestTokenHandler.onErrorMessage (C:\\Users\\ralme\\OneDrive\\Área de Trabalho\\rebuildapr\\projetoAPR\\server\\node_modules\\tedious\\lib\\token\\handler.js:285:21)"
}
---
{
  "timestamp": "2026-04-09T16:09:48.753Z",
  "message": "Must declare the scalar variable \"@email_enviado\".",
  "id": "5",
  "studyNumber": "PROV-2026000102",
  "status": "Rejeitado",
  "numericStatus": 220,
  "stack": "RequestError: Must declare the scalar variable \"@email_enviado\".\n    at handleError (C:\\Users\\ralme\\OneDrive\\Área de Trabalho\\rebuildapr\\projetoAPR\\server\\node_modules\\mssql\\lib\\tedious\\request.js:384:15)\n    at Connection.emit (node:events:508:28)\n    at Connection.emit (C:\\Users\\ralme\\OneDrive\\Área de Trabalho\\rebuildapr\\projetoAPR\\server\\node_modules\\tedious\\lib\\connection.js:1013:18)\n    at RequestTokenHandler.onErrorMessage (C:\\Users\\ralme\\OneDrive\\Área de Trabalho\\rebuildapr\\projetoAPR\\server\\node_modules\\tedious\\lib\\token\\handler.js:285:21)"
}
---
{
  "timestamp": "2026-04-09T16:14:53.043Z",
  "message": "Invalid column name 'REDE_EXT_TOTAL'.",
  "id": "1",
  "studyNumber": {
    "nextNumber": "PROV-2026000102"
  },
  "status": "Aguardando Execução",
  "numericStatus": 200,
  "stack": "RequestError: Invalid column name 'REDE_EXT_TOTAL'.\n    at handleError (C:\\Users\\ralme\\OneDrive\\Área de Trabalho\\rebuildapr\\projetoAPR\\server\\node_modules\\mssql\\lib\\tedious\\request.js:384:15)\n    at Connection.emit (node:events:508:28)\n    at Connection.emit (C:\\Users\\ralme\\OneDrive\\Área de Trabalho\\rebuildapr\\projetoAPR\\server\\node_modules\\tedious\\lib\\connection.js:1013:18)\n    at RequestTokenHandler.onErrorMessage (C:\\Users\\ralme\\OneDrive\\Área de Trabalho\\rebuildapr\\projetoAPR\\server\\node_modules\\tedious\\lib\\token\\handler.js:285:21)"
}
---
{
  "timestamp": "2026-04-09T16:16:32.223Z",
  "message": "Invalid column name 'VAZAO_FUTURA'.",
  "id": "1",
  "studyNumber": {
    "nextNumber": "PROV-2026000102"
  },
  "status": "Aguardando Execução",
  "numericStatus": 200,
  "stack": "RequestError: Invalid column name 'VAZAO_FUTURA'.\n    at handleError (C:\\Users\\ralme\\OneDrive\\Área de Trabalho\\rebuildapr\\projetoAPR\\server\\node_modules\\mssql\\lib\\tedious\\request.js:384:15)\n    at Connection.emit (node:events:508:28)\n    at Connection.emit (C:\\Users\\ralme\\OneDrive\\Área de Trabalho\\rebuildapr\\projetoAPR\\server\\node_modules\\tedious\\lib\\connection.js:1013:18)\n    at RequestTokenHandler.onErrorMessage (C:\\Users\\ralme\\OneDrive\\Área de Trabalho\\rebuildapr\\projetoAPR\\server\\node_modules\\tedious\\lib\\token\\handler.js:285:21)"
}
---
{
  "timestamp": "2026-04-09T16:17:54.267Z",
  "message": "Invalid column name 'RESP_GARANTIA'.",
  "id": "1",
  "studyNumber": {
    "nextNumber": "PROV-2026000102"
  },
  "status": "Aguardando Execução",
  "numericStatus": 200,
  "stack": "RequestError: Invalid column name 'RESP_GARANTIA'.\n    at handleError (C:\\Users\\ralme\\OneDrive\\Área de Trabalho\\rebuildapr\\projetoAPR\\server\\node_modules\\mssql\\lib\\tedious\\request.js:384:15)\n    at Connection.emit (node:events:508:28)\n    at Connection.emit (C:\\Users\\ralme\\OneDrive\\Área de Trabalho\\rebuildapr\\projetoAPR\\server\\node_modules\\tedious\\lib\\connection.js:1013:18)\n    at RequestTokenHandler.onErrorMessage (C:\\Users\\ralme\\OneDrive\\Área de Trabalho\\rebuildapr\\projetoAPR\\server\\node_modules\\tedious\\lib\\token\\handler.js:285:21)"
}
---
{
  "timestamp": "2026-04-09T16:19:12.009Z",
  "message": "Invalid column name 'DAT_ENT_REA'.",
  "id": "1",
  "studyNumber": {
    "nextNumber": "PROV-2026000102"
  },
  "status": "Aguardando Execução",
  "numericStatus": 200,
  "stack": "RequestError: Invalid column name 'DAT_ENT_REA'.\n    at handleError (C:\\Users\\ralme\\OneDrive\\Área de Trabalho\\rebuildapr\\projetoAPR\\server\\node_modules\\mssql\\lib\\tedious\\request.js:384:15)\n    at Connection.emit (node:events:508:28)\n    at Connection.emit (C:\\Users\\ralme\\OneDrive\\Área de Trabalho\\rebuildapr\\projetoAPR\\server\\node_modules\\tedious\\lib\\connection.js:1013:18)\n    at RequestTokenHandler.onErrorMessage (C:\\Users\\ralme\\OneDrive\\Área de Trabalho\\rebuildapr\\projetoAPR\\server\\node_modules\\tedious\\lib\\token\\handler.js:285:21)"
}
---
{
  "timestamp": "2026-04-09T16:20:46.773Z",
  "message": "Invalid column name 'SOL_RESPONSA'.",
  "id": "1",
  "studyNumber": {
    "nextNumber": "PROV-2026000102"
  },
  "status": "Aguardando Execução",
  "numericStatus": 200,
  "stack": "RequestError: Invalid column name 'SOL_RESPONSA'.\n    at handleError (C:\\Users\\ralme\\OneDrive\\Área de Trabalho\\rebuildapr\\projetoAPR\\server\\node_modules\\mssql\\lib\\tedious\\request.js:384:15)\n    at Connection.emit (node:events:508:28)\n    at Connection.emit (C:\\Users\\ralme\\OneDrive\\Área de Trabalho\\rebuildapr\\projetoAPR\\server\\node_modules\\tedious\\lib\\connection.js:1013:18)\n    at RequestTokenHandler.onErrorMessage (C:\\Users\\ralme\\OneDrive\\Área de Trabalho\\rebuildapr\\projetoAPR\\server\\node_modules\\tedious\\lib\\token\\handler.js:285:21)"
}
---
{
  "timestamp": "2026-04-09T16:21:38.916Z",
  "message": "Implicit conversion from data type datetime to float is not allowed. Use the CONVERT function to run this query.",
  "id": "1",
  "studyNumber": {
    "nextNumber": "PROV-2026000102"
  },
  "status": "Aguardando Execução",
  "numericStatus": 200,
  "stack": "RequestError: Implicit conversion from data type datetime to float is not allowed. Use the CONVERT function to run this query.\n    at handleError (C:\\Users\\ralme\\OneDrive\\Área de Trabalho\\rebuildapr\\projetoAPR\\server\\node_modules\\mssql\\lib\\tedious\\request.js:384:15)\n    at Connection.emit (node:events:508:28)\n    at Connection.emit (C:\\Users\\ralme\\OneDrive\\Área de Trabalho\\rebuildapr\\projetoAPR\\server\\node_modules\\tedious\\lib\\connection.js:1013:18)\n    at RequestTokenHandler.onErrorMessage (C:\\Users\\ralme\\OneDrive\\Área de Trabalho\\rebuildapr\\projetoAPR\\server\\node_modules\\tedious\\lib\\token\\handler.js:285:21)"
}
---
{
  "timestamp": "2026-04-09T21:39:36.010Z",
  "message": "Validation failed for parameter 'presClieMin'. Invalid string.",
  "id": "1",
  "studyNumber": "PROV-2026000101",
  "status": "Em Análise",
  "numericStatus": 330,
  "stack": "RequestError: Validation failed for parameter 'presClieMin'. Invalid string.\n    at C:\\Users\\ralme\\OneDrive\\Área de Trabalho\\rebuildapr\\projetoAPR\\server\\node_modules\\mssql\\lib\\tedious\\request.js:449:19\n    at Array.forEach (<anonymous>)\n    at Request.userCallback (C:\\Users\\ralme\\OneDrive\\Área de Trabalho\\rebuildapr\\projetoAPR\\server\\node_modules\\mssql\\lib\\tedious\\request.js:446:46)\n    at Request.callback (C:\\Users\\ralme\\OneDrive\\Área de Trabalho\\rebuildapr\\projetoAPR\\server\\node_modules\\tedious\\lib\\request.js:239:14)"
}
---
{
  "timestamp": "2026-04-10T00:46:04.052Z",
  "message": "The parameter name datEnSep has already been declared. Parameter names must be unique",
  "id": "3",
  "studyNumber": "2026000301",
  "status": "Em Execução",
  "numericStatus": 205,
  "stack": "RequestError: The parameter name datEnSep has already been declared. Parameter names must be unique\n    at Request.input (C:\\Users\\ralme\\OneDrive\\Área de Trabalho\\rebuildapr\\projetoAPR\\server\\node_modules\\mssql\\lib\\base\\request.js:129:13)\n    at C:\\Users\\ralme\\OneDrive\\Área de Trabalho\\rebuildapr\\projetoAPR\\server\\index.js:1157:16\n    at process.processTicksAndRejections (node:internal/process/task_queues:103:5)"
}
---
{
  "timestamp": "2026-04-10T00:46:14.008Z",
  "message": "The parameter name datEnSep has already been declared. Parameter names must be unique",
  "id": "3",
  "studyNumber": "2026000301",
  "status": "Em Execução",
  "numericStatus": 205,
  "stack": "RequestError: The parameter name datEnSep has already been declared. Parameter names must be unique\n    at Request.input (C:\\Users\\ralme\\OneDrive\\Área de Trabalho\\rebuildapr\\projetoAPR\\server\\node_modules\\mssql\\lib\\base\\request.js:129:13)\n    at C:\\Users\\ralme\\OneDrive\\Área de Trabalho\\rebuildapr\\projetoAPR\\server\\index.js:1157:16\n    at process.processTicksAndRejections (node:internal/process/task_queues:103:5)"
}
---
{
  "timestamp": "2026-04-10T00:46:24.022Z",
  "message": "The parameter name datEnSep has already been declared. Parameter names must be unique",
  "id": "3",
  "studyNumber": "2026000301",
  "status": "Em Execução",
  "numericStatus": 205,
  "stack": "RequestError: The parameter name datEnSep has already been declared. Parameter names must be unique\n    at Request.input (C:\\Users\\ralme\\OneDrive\\Área de Trabalho\\rebuildapr\\projetoAPR\\server\\node_modules\\mssql\\lib\\base\\request.js:129:13)\n    at C:\\Users\\ralme\\OneDrive\\Área de Trabalho\\rebuildapr\\projetoAPR\\server\\index.js:1157:16\n    at process.processTicksAndRejections (node:internal/process/task_queues:103:5)"
}
---
{
  "timestamp": "2026-04-10T00:46:34.011Z",
  "message": "The parameter name datEnSep has already been declared. Parameter names must be unique",
  "id": "3",
  "studyNumber": "2026000301",
  "status": "Em Execução",
  "numericStatus": 205,
  "stack": "RequestError: The parameter name datEnSep has already been declared. Parameter names must be unique\n    at Request.input (C:\\Users\\ralme\\OneDrive\\Área de Trabalho\\rebuildapr\\projetoAPR\\server\\node_modules\\mssql\\lib\\base\\request.js:129:13)\n    at C:\\Users\\ralme\\OneDrive\\Área de Trabalho\\rebuildapr\\projetoAPR\\server\\index.js:1157:16\n    at process.processTicksAndRejections (node:internal/process/task_queues:103:5)"
}
---
{
  "timestamp": "2026-04-10T00:46:44.020Z",
  "message": "The parameter name datEnSep has already been declared. Parameter names must be unique",
  "id": "3",
  "studyNumber": "2026000301",
  "status": "Em Execução",
  "numericStatus": 205,
  "stack": "RequestError: The parameter name datEnSep has already been declared. Parameter names must be unique\n    at Request.input (C:\\Users\\ralme\\OneDrive\\Área de Trabalho\\rebuildapr\\projetoAPR\\server\\node_modules\\mssql\\lib\\base\\request.js:129:13)\n    at C:\\Users\\ralme\\OneDrive\\Área de Trabalho\\rebuildapr\\projetoAPR\\server\\index.js:1157:16\n    at process.processTicksAndRejections (node:internal/process/task_queues:103:5)"
}
---
{
  "timestamp": "2026-04-10T00:47:47.141Z",
  "message": "The parameter name datEnSep has already been declared. Parameter names must be unique",
  "id": "3",
  "studyNumber": "2026000301",
  "status": "Em Execução",
  "numericStatus": 205,
  "stack": "RequestError: The parameter name datEnSep has already been declared. Parameter names must be unique\n    at Request.input (C:\\Users\\ralme\\OneDrive\\Área de Trabalho\\rebuildapr\\projetoAPR\\server\\node_modules\\mssql\\lib\\base\\request.js:129:13)\n    at C:\\Users\\ralme\\OneDrive\\Área de Trabalho\\rebuildapr\\projetoAPR\\server\\index.js:1157:16\n    at process.processTicksAndRejections (node:internal/process/task_queues:103:5)"
}
---
{
  "timestamp": "2026-04-10T00:49:35.263Z",
  "message": "The parameter name datEnSep has already been declared. Parameter names must be unique",
  "id": "3",
  "studyNumber": "2026000301",
  "status": "Em Execução",
  "numericStatus": 205,
  "stack": "RequestError: The parameter name datEnSep has already been declared. Parameter names must be unique\n    at Request.input (C:\\Users\\ralme\\OneDrive\\Área de Trabalho\\rebuildapr\\projetoAPR\\server\\node_modules\\mssql\\lib\\base\\request.js:129:13)\n    at C:\\Users\\ralme\\OneDrive\\Área de Trabalho\\rebuildapr\\projetoAPR\\server\\index.js:1157:16\n    at process.processTicksAndRejections (node:internal/process/task_queues:103:5)"
}
---
{
  "timestamp": "2026-04-10T00:49:45.271Z",
  "message": "The parameter name datEnSep has already been declared. Parameter names must be unique",
  "id": "3",
  "studyNumber": "2026000301",
  "status": "Em Execução",
  "numericStatus": 205,
  "stack": "RequestError: The parameter name datEnSep has already been declared. Parameter names must be unique\n    at Request.input (C:\\Users\\ralme\\OneDrive\\Área de Trabalho\\rebuildapr\\projetoAPR\\server\\node_modules\\mssql\\lib\\base\\request.js:129:13)\n    at C:\\Users\\ralme\\OneDrive\\Área de Trabalho\\rebuildapr\\projetoAPR\\server\\index.js:1157:16\n    at process.processTicksAndRejections (node:internal/process/task_queues:103:5)"
}
---
{
  "timestamp": "2026-04-10T00:49:55.268Z",
  "message": "The parameter name datEnSep has already been declared. Parameter names must be unique",
  "id": "3",
  "studyNumber": "2026000301",
  "status": "Em Execução",
  "numericStatus": 205,
  "stack": "RequestError: The parameter name datEnSep has already been declared. Parameter names must be unique\n    at Request.input (C:\\Users\\ralme\\OneDrive\\Área de Trabalho\\rebuildapr\\projetoAPR\\server\\node_modules\\mssql\\lib\\base\\request.js:129:13)\n    at C:\\Users\\ralme\\OneDrive\\Área de Trabalho\\rebuildapr\\projetoAPR\\server\\index.js:1157:16\n    at process.processTicksAndRejections (node:internal/process/task_queues:103:5)"
}
---
{
  "timestamp": "2026-04-10T00:49:58.024Z",
  "message": "The parameter name datEnSep has already been declared. Parameter names must be unique",
  "id": "3",
  "studyNumber": "2026000301",
  "status": "Aguardando Informações",
  "numericStatus": 240,
  "stack": "RequestError: The parameter name datEnSep has already been declared. Parameter names must be unique\n    at Request.input (C:\\Users\\ralme\\OneDrive\\Área de Trabalho\\rebuildapr\\projetoAPR\\server\\node_modules\\mssql\\lib\\base\\request.js:129:13)\n    at C:\\Users\\ralme\\OneDrive\\Área de Trabalho\\rebuildapr\\projetoAPR\\server\\index.js:1157:16\n    at process.processTicksAndRejections (node:internal/process/task_queues:103:5)"
}
---
{
  "timestamp": "2026-04-10T04:10:17.161Z",
  "message": "The parameter name observaResp has already been declared. Parameter names must be unique",
  "id": "3",
  "studyNumber": "2026000301",
  "status": "Em Execução",
  "numericStatus": 205,
  "stack": "RequestError: The parameter name observaResp has already been declared. Parameter names must be unique\n    at Request.input (C:\\Users\\ralme\\OneDrive\\Área de Trabalho\\rebuildapr\\projetoAPR\\server\\node_modules\\mssql\\lib\\base\\request.js:129:13)\n    at C:\\Users\\ralme\\OneDrive\\Área de Trabalho\\rebuildapr\\projetoAPR\\server\\index.js:1216:16\n    at process.processTicksAndRejections (node:internal/process/task_queues:103:5)"
}
---
{
  "timestamp": "2026-04-10T04:10:27.122Z",
  "message": "The parameter name observaResp has already been declared. Parameter names must be unique",
  "id": "3",
  "studyNumber": "2026000301",
  "status": "Em Execução",
  "numericStatus": 205,
  "stack": "RequestError: The parameter name observaResp has already been declared. Parameter names must be unique\n    at Request.input (C:\\Users\\ralme\\OneDrive\\Área de Trabalho\\rebuildapr\\projetoAPR\\server\\node_modules\\mssql\\lib\\base\\request.js:129:13)\n    at C:\\Users\\ralme\\OneDrive\\Área de Trabalho\\rebuildapr\\projetoAPR\\server\\index.js:1216:16\n    at process.processTicksAndRejections (node:internal/process/task_queues:103:5)"
}
---
{
  "timestamp": "2026-04-10T04:10:30.529Z",
  "message": "The parameter name observaResp has already been declared. Parameter names must be unique",
  "id": "3",
  "studyNumber": "2026000301",
  "status": "Em Execução",
  "numericStatus": 205,
  "stack": "RequestError: The parameter name observaResp has already been declared. Parameter names must be unique\n    at Request.input (C:\\Users\\ralme\\OneDrive\\Área de Trabalho\\rebuildapr\\projetoAPR\\server\\node_modules\\mssql\\lib\\base\\request.js:129:13)\n    at C:\\Users\\ralme\\OneDrive\\Área de Trabalho\\rebuildapr\\projetoAPR\\server\\index.js:1216:16\n    at process.processTicksAndRejections (node:internal/process/task_queues:103:5)"
}
---
{
  "timestamp": "2026-04-10T04:10:34.420Z",
  "message": "The parameter name observaResp has already been declared. Parameter names must be unique",
  "id": "3",
  "studyNumber": "2026000301",
  "status": "Em Execução",
  "numericStatus": 205,
  "stack": "RequestError: The parameter name observaResp has already been declared. Parameter names must be unique\n    at Request.input (C:\\Users\\ralme\\OneDrive\\Área de Trabalho\\rebuildapr\\projetoAPR\\server\\node_modules\\mssql\\lib\\base\\request.js:129:13)\n    at C:\\Users\\ralme\\OneDrive\\Área de Trabalho\\rebuildapr\\projetoAPR\\server\\index.js:1216:16\n    at process.processTicksAndRejections (node:internal/process/task_queues:103:5)"
}
---
{
  "timestamp": "2026-04-10T04:10:37.121Z",
  "message": "The parameter name observaResp has already been declared. Parameter names must be unique",
  "id": "3",
  "studyNumber": "2026000301",
  "status": "Em Execução",
  "numericStatus": 205,
  "stack": "RequestError: The parameter name observaResp has already been declared. Parameter names must be unique\n    at Request.input (C:\\Users\\ralme\\OneDrive\\Área de Trabalho\\rebuildapr\\projetoAPR\\server\\node_modules\\mssql\\lib\\base\\request.js:129:13)\n    at C:\\Users\\ralme\\OneDrive\\Área de Trabalho\\rebuildapr\\projetoAPR\\server\\index.js:1216:16\n    at process.processTicksAndRejections (node:internal/process/task_queues:103:5)"
}
---
{
  "timestamp": "2026-04-10T04:10:47.407Z",
  "message": "The parameter name observaResp has already been declared. Parameter names must be unique",
  "id": "3",
  "studyNumber": "2026000301",
  "status": "Em Execução",
  "numericStatus": 205,
  "stack": "RequestError: The parameter name observaResp has already been declared. Parameter names must be unique\n    at Request.input (C:\\Users\\ralme\\OneDrive\\Área de Trabalho\\rebuildapr\\projetoAPR\\server\\node_modules\\mssql\\lib\\base\\request.js:129:13)\n    at C:\\Users\\ralme\\OneDrive\\Área de Trabalho\\rebuildapr\\projetoAPR\\server\\index.js:1216:16\n    at process.processTicksAndRejections (node:internal/process/task_queues:103:5)"
}
---
{
  "timestamp": "2026-04-10T04:10:57.116Z",
  "message": "The parameter name observaResp has already been declared. Parameter names must be unique",
  "id": "3",
  "studyNumber": "2026000301",
  "status": "Em Execução",
  "numericStatus": 205,
  "stack": "RequestError: The parameter name observaResp has already been declared. Parameter names must be unique\n    at Request.input (C:\\Users\\ralme\\OneDrive\\Área de Trabalho\\rebuildapr\\projetoAPR\\server\\node_modules\\mssql\\lib\\base\\request.js:129:13)\n    at C:\\Users\\ralme\\OneDrive\\Área de Trabalho\\rebuildapr\\projetoAPR\\server\\index.js:1216:16\n    at process.processTicksAndRejections (node:internal/process/task_queues:103:5)"
}
---
{
  "timestamp": "2026-04-10T04:11:07.114Z",
  "message": "The parameter name observaResp has already been declared. Parameter names must be unique",
  "id": "3",
  "studyNumber": "2026000301",
  "status": "Em Execução",
  "numericStatus": 205,
  "stack": "RequestError: The parameter name observaResp has already been declared. Parameter names must be unique\n    at Request.input (C:\\Users\\ralme\\OneDrive\\Área de Trabalho\\rebuildapr\\projetoAPR\\server\\node_modules\\mssql\\lib\\base\\request.js:129:13)\n    at C:\\Users\\ralme\\OneDrive\\Área de Trabalho\\rebuildapr\\projetoAPR\\server\\index.js:1216:16\n    at process.processTicksAndRejections (node:internal/process/task_queues:103:5)"
}
---
{
  "timestamp": "2026-04-10T04:11:17.132Z",
  "message": "The parameter name observaResp has already been declared. Parameter names must be unique",
  "id": "3",
  "studyNumber": "2026000301",
  "status": "Em Execução",
  "numericStatus": 205,
  "stack": "RequestError: The parameter name observaResp has already been declared. Parameter names must be unique\n    at Request.input (C:\\Users\\ralme\\OneDrive\\Área de Trabalho\\rebuildapr\\projetoAPR\\server\\node_modules\\mssql\\lib\\base\\request.js:129:13)\n    at C:\\Users\\ralme\\OneDrive\\Área de Trabalho\\rebuildapr\\projetoAPR\\server\\index.js:1216:16\n    at process.processTicksAndRejections (node:internal/process/task_queues:103:5)"
}
---
{
  "timestamp": "2026-04-10T04:11:21.523Z",
  "message": "The parameter name observaResp has already been declared. Parameter names must be unique",
  "id": "3",
  "studyNumber": "2026000301",
  "status": "Em Execução",
  "numericStatus": 205,
  "stack": "RequestError: The parameter name observaResp has already been declared. Parameter names must be unique\n    at Request.input (C:\\Users\\ralme\\OneDrive\\Área de Trabalho\\rebuildapr\\projetoAPR\\server\\node_modules\\mssql\\lib\\base\\request.js:129:13)\n    at C:\\Users\\ralme\\OneDrive\\Área de Trabalho\\rebuildapr\\projetoAPR\\server\\index.js:1216:16\n    at process.processTicksAndRejections (node:internal/process/task_queues:103:5)"
}
---
{
  "timestamp": "2026-04-10T04:11:27.107Z",
  "message": "The parameter name observaResp has already been declared. Parameter names must be unique",
  "id": "3",
  "studyNumber": "2026000301",
  "status": "Em Execução",
  "numericStatus": 205,
  "stack": "RequestError: The parameter name observaResp has already been declared. Parameter names must be unique\n    at Request.input (C:\\Users\\ralme\\OneDrive\\Área de Trabalho\\rebuildapr\\projetoAPR\\server\\node_modules\\mssql\\lib\\base\\request.js:129:13)\n    at C:\\Users\\ralme\\OneDrive\\Área de Trabalho\\rebuildapr\\projetoAPR\\server\\index.js:1216:16\n    at process.processTicksAndRejections (node:internal/process/task_queues:103:5)"
}
---
{
  "timestamp": "2026-04-10T04:11:37.113Z",
  "message": "The parameter name observaResp has already been declared. Parameter names must be unique",
  "id": "3",
  "studyNumber": "2026000301",
  "status": "Em Execução",
  "numericStatus": 205,
  "stack": "RequestError: The parameter name observaResp has already been declared. Parameter names must be unique\n    at Request.input (C:\\Users\\ralme\\OneDrive\\Área de Trabalho\\rebuildapr\\projetoAPR\\server\\node_modules\\mssql\\lib\\base\\request.js:129:13)\n    at C:\\Users\\ralme\\OneDrive\\Área de Trabalho\\rebuildapr\\projetoAPR\\server\\index.js:1216:16\n    at process.processTicksAndRejections (node:internal/process/task_queues:103:5)"
}
---
{
  "timestamp": "2026-04-10T04:11:47.111Z",
  "message": "The parameter name observaResp has already been declared. Parameter names must be unique",
  "id": "3",
  "studyNumber": "2026000301",
  "status": "Em Execução",
  "numericStatus": 205,
  "stack": "RequestError: The parameter name observaResp has already been declared. Parameter names must be unique\n    at Request.input (C:\\Users\\ralme\\OneDrive\\Área de Trabalho\\rebuildapr\\projetoAPR\\server\\node_modules\\mssql\\lib\\base\\request.js:129:13)\n    at C:\\Users\\ralme\\OneDrive\\Área de Trabalho\\rebuildapr\\projetoAPR\\server\\index.js:1216:16\n    at process.processTicksAndRejections (node:internal/process/task_queues:103:5)"
}
---
{
  "timestamp": "2026-04-10T04:11:57.120Z",
  "message": "The parameter name observaResp has already been declared. Parameter names must be unique",
  "id": "3",
  "studyNumber": "2026000301",
  "status": "Em Execução",
  "numericStatus": 205,
  "stack": "RequestError: The parameter name observaResp has already been declared. Parameter names must be unique\n    at Request.input (C:\\Users\\ralme\\OneDrive\\Área de Trabalho\\rebuildapr\\projetoAPR\\server\\node_modules\\mssql\\lib\\base\\request.js:129:13)\n    at C:\\Users\\ralme\\OneDrive\\Área de Trabalho\\rebuildapr\\projetoAPR\\server\\index.js:1216:16\n    at process.processTicksAndRejections (node:internal/process/task_queues:103:5)"
}
---
{
  "timestamp": "2026-04-10T04:12:07.112Z",
  "message": "The parameter name observaResp has already been declared. Parameter names must be unique",
  "id": "3",
  "studyNumber": "2026000301",
  "status": "Em Execução",
  "numericStatus": 205,
  "stack": "RequestError: The parameter name observaResp has already been declared. Parameter names must be unique\n    at Request.input (C:\\Users\\ralme\\OneDrive\\Área de Trabalho\\rebuildapr\\projetoAPR\\server\\node_modules\\mssql\\lib\\base\\request.js:129:13)\n    at C:\\Users\\ralme\\OneDrive\\Área de Trabalho\\rebuildapr\\projetoAPR\\server\\index.js:1216:16\n    at process.processTicksAndRejections (node:internal/process/task_queues:103:5)"
}
---
{
  "timestamp": "2026-04-10T04:12:17.119Z",
  "message": "The parameter name observaResp has already been declared. Parameter names must be unique",
  "id": "3",
  "studyNumber": "2026000301",
  "status": "Em Execução",
  "numericStatus": 205,
  "stack": "RequestError: The parameter name observaResp has already been declared. Parameter names must be unique\n    at Request.input (C:\\Users\\ralme\\OneDrive\\Área de Trabalho\\rebuildapr\\projetoAPR\\server\\node_modules\\mssql\\lib\\base\\request.js:129:13)\n    at C:\\Users\\ralme\\OneDrive\\Área de Trabalho\\rebuildapr\\projetoAPR\\server\\index.js:1216:16\n    at process.processTicksAndRejections (node:internal/process/task_queues:103:5)"
}
---
{
  "timestamp": "2026-04-10T04:12:27.133Z",
  "message": "The parameter name observaResp has already been declared. Parameter names must be unique",
  "id": "3",
  "studyNumber": "2026000301",
  "status": "Em Execução",
  "numericStatus": 205,
  "stack": "RequestError: The parameter name observaResp has already been declared. Parameter names must be unique\n    at Request.input (C:\\Users\\ralme\\OneDrive\\Área de Trabalho\\rebuildapr\\projetoAPR\\server\\node_modules\\mssql\\lib\\base\\request.js:129:13)\n    at C:\\Users\\ralme\\OneDrive\\Área de Trabalho\\rebuildapr\\projetoAPR\\server\\index.js:1216:16\n    at process.processTicksAndRejections (node:internal/process/task_queues:103:5)"
}
---
{
  "timestamp": "2026-04-10T04:12:37.122Z",
  "message": "The parameter name observaResp has already been declared. Parameter names must be unique",
  "id": "3",
  "studyNumber": "2026000301",
  "status": "Em Execução",
  "numericStatus": 205,
  "stack": "RequestError: The parameter name observaResp has already been declared. Parameter names must be unique\n    at Request.input (C:\\Users\\ralme\\OneDrive\\Área de Trabalho\\rebuildapr\\projetoAPR\\server\\node_modules\\mssql\\lib\\base\\request.js:129:13)\n    at C:\\Users\\ralme\\OneDrive\\Área de Trabalho\\rebuildapr\\projetoAPR\\server\\index.js:1216:16\n    at process.processTicksAndRejections (node:internal/process/task_queues:103:5)"
}
---
{
  "timestamp": "2026-04-10T04:12:47.120Z",
  "message": "The parameter name observaResp has already been declared. Parameter names must be unique",
  "id": "3",
  "studyNumber": "2026000301",
  "status": "Em Execução",
  "numericStatus": 205,
  "stack": "RequestError: The parameter name observaResp has already been declared. Parameter names must be unique\n    at Request.input (C:\\Users\\ralme\\OneDrive\\Área de Trabalho\\rebuildapr\\projetoAPR\\server\\node_modules\\mssql\\lib\\base\\request.js:129:13)\n    at C:\\Users\\ralme\\OneDrive\\Área de Trabalho\\rebuildapr\\projetoAPR\\server\\index.js:1216:16\n    at process.processTicksAndRejections (node:internal/process/task_queues:103:5)"
}
---
{
  "timestamp": "2026-04-10T04:12:57.136Z",
  "message": "The parameter name observaResp has already been declared. Parameter names must be unique",
  "id": "3",
  "studyNumber": "2026000301",
  "status": "Em Execução",
  "numericStatus": 205,
  "stack": "RequestError: The parameter name observaResp has already been declared. Parameter names must be unique\n    at Request.input (C:\\Users\\ralme\\OneDrive\\Área de Trabalho\\rebuildapr\\projetoAPR\\server\\node_modules\\mssql\\lib\\base\\request.js:129:13)\n    at C:\\Users\\ralme\\OneDrive\\Área de Trabalho\\rebuildapr\\projetoAPR\\server\\index.js:1216:16\n    at process.processTicksAndRejections (node:internal/process/task_queues:103:5)"
}
---
{
  "timestamp": "2026-04-10T04:13:07.111Z",
  "message": "The parameter name observaResp has already been declared. Parameter names must be unique",
  "id": "3",
  "studyNumber": "2026000301",
  "status": "Em Execução",
  "numericStatus": 205,
  "stack": "RequestError: The parameter name observaResp has already been declared. Parameter names must be unique\n    at Request.input (C:\\Users\\ralme\\OneDrive\\Área de Trabalho\\rebuildapr\\projetoAPR\\server\\node_modules\\mssql\\lib\\base\\request.js:129:13)\n    at C:\\Users\\ralme\\OneDrive\\Área de Trabalho\\rebuildapr\\projetoAPR\\server\\index.js:1216:16\n    at process.processTicksAndRejections (node:internal/process/task_queues:103:5)"
}
---
{
  "timestamp": "2026-04-10T04:13:17.112Z",
  "message": "The parameter name observaResp has already been declared. Parameter names must be unique",
  "id": "3",
  "studyNumber": "2026000301",
  "status": "Em Execução",
  "numericStatus": 205,
  "stack": "RequestError: The parameter name observaResp has already been declared. Parameter names must be unique\n    at Request.input (C:\\Users\\ralme\\OneDrive\\Área de Trabalho\\rebuildapr\\projetoAPR\\server\\node_modules\\mssql\\lib\\base\\request.js:129:13)\n    at C:\\Users\\ralme\\OneDrive\\Área de Trabalho\\rebuildapr\\projetoAPR\\server\\index.js:1216:16\n    at process.processTicksAndRejections (node:internal/process/task_queues:103:5)"
}
---
{
  "timestamp": "2026-04-10T04:13:27.232Z",
  "message": "The parameter name observaResp has already been declared. Parameter names must be unique",
  "id": "3",
  "studyNumber": "2026000301",
  "status": "Em Execução",
  "numericStatus": 205,
  "stack": "RequestError: The parameter name observaResp has already been declared. Parameter names must be unique\n    at Request.input (C:\\Users\\ralme\\OneDrive\\Área de Trabalho\\rebuildapr\\projetoAPR\\server\\node_modules\\mssql\\lib\\base\\request.js:129:13)\n    at C:\\Users\\ralme\\OneDrive\\Área de Trabalho\\rebuildapr\\projetoAPR\\server\\index.js:1216:16\n    at process.processTicksAndRejections (node:internal/process/task_queues:103:5)"
}
---
{
  "timestamp": "2026-04-10T04:13:37.225Z",
  "message": "The parameter name observaResp has already been declared. Parameter names must be unique",
  "id": "3",
  "studyNumber": "2026000301",
  "status": "Em Execução",
  "numericStatus": 205,
  "stack": "RequestError: The parameter name observaResp has already been declared. Parameter names must be unique\n    at Request.input (C:\\Users\\ralme\\OneDrive\\Área de Trabalho\\rebuildapr\\projetoAPR\\server\\node_modules\\mssql\\lib\\base\\request.js:129:13)\n    at C:\\Users\\ralme\\OneDrive\\Área de Trabalho\\rebuildapr\\projetoAPR\\server\\index.js:1216:16\n    at process.processTicksAndRejections (node:internal/process/task_queues:103:5)"
}
---
{
  "timestamp": "2026-04-10T04:13:47.229Z",
  "message": "The parameter name observaResp has already been declared. Parameter names must be unique",
  "id": "3",
  "studyNumber": "2026000301",
  "status": "Em Execução",
  "numericStatus": 205,
  "stack": "RequestError: The parameter name observaResp has already been declared. Parameter names must be unique\n    at Request.input (C:\\Users\\ralme\\OneDrive\\Área de Trabalho\\rebuildapr\\projetoAPR\\server\\node_modules\\mssql\\lib\\base\\request.js:129:13)\n    at C:\\Users\\ralme\\OneDrive\\Área de Trabalho\\rebuildapr\\projetoAPR\\server\\index.js:1216:16\n    at process.processTicksAndRejections (node:internal/process/task_queues:103:5)"
}
---
{
  "timestamp": "2026-04-10T04:13:57.133Z",
  "message": "The parameter name observaResp has already been declared. Parameter names must be unique",
  "id": "3",
  "studyNumber": "2026000301",
  "status": "Em Execução",
  "numericStatus": 205,
  "stack": "RequestError: The parameter name observaResp has already been declared. Parameter names must be unique\n    at Request.input (C:\\Users\\ralme\\OneDrive\\Área de Trabalho\\rebuildapr\\projetoAPR\\server\\node_modules\\mssql\\lib\\base\\request.js:129:13)\n    at C:\\Users\\ralme\\OneDrive\\Área de Trabalho\\rebuildapr\\projetoAPR\\server\\index.js:1216:16\n    at process.processTicksAndRejections (node:internal/process/task_queues:103:5)"
}
---
{
  "timestamp": "2026-04-10T04:14:07.132Z",
  "message": "The parameter name observaResp has already been declared. Parameter names must be unique",
  "id": "3",
  "studyNumber": "2026000301",
  "status": "Em Execução",
  "numericStatus": 205,
  "stack": "RequestError: The parameter name observaResp has already been declared. Parameter names must be unique\n    at Request.input (C:\\Users\\ralme\\OneDrive\\Área de Trabalho\\rebuildapr\\projetoAPR\\server\\node_modules\\mssql\\lib\\base\\request.js:129:13)\n    at C:\\Users\\ralme\\OneDrive\\Área de Trabalho\\rebuildapr\\projetoAPR\\server\\index.js:1216:16\n    at process.processTicksAndRejections (node:internal/process/task_queues:103:5)"
}
---
{
  "timestamp": "2026-04-10T04:14:17.110Z",
  "message": "The parameter name observaResp has already been declared. Parameter names must be unique",
  "id": "3",
  "studyNumber": "2026000301",
  "status": "Em Execução",
  "numericStatus": 205,
  "stack": "RequestError: The parameter name observaResp has already been declared. Parameter names must be unique\n    at Request.input (C:\\Users\\ralme\\OneDrive\\Área de Trabalho\\rebuildapr\\projetoAPR\\server\\node_modules\\mssql\\lib\\base\\request.js:129:13)\n    at C:\\Users\\ralme\\OneDrive\\Área de Trabalho\\rebuildapr\\projetoAPR\\server\\index.js:1216:16\n    at process.processTicksAndRejections (node:internal/process/task_queues:103:5)"
}
---
{
  "timestamp": "2026-04-10T04:14:27.136Z",
  "message": "The parameter name observaResp has already been declared. Parameter names must be unique",
  "id": "3",
  "studyNumber": "2026000301",
  "status": "Em Execução",
  "numericStatus": 205,
  "stack": "RequestError: The parameter name observaResp has already been declared. Parameter names must be unique\n    at Request.input (C:\\Users\\ralme\\OneDrive\\Área de Trabalho\\rebuildapr\\projetoAPR\\server\\node_modules\\mssql\\lib\\base\\request.js:129:13)\n    at C:\\Users\\ralme\\OneDrive\\Área de Trabalho\\rebuildapr\\projetoAPR\\server\\index.js:1216:16\n    at process.processTicksAndRejections (node:internal/process/task_queues:103:5)"
}
---
{
  "timestamp": "2026-04-10T04:14:37.108Z",
  "message": "The parameter name observaResp has already been declared. Parameter names must be unique",
  "id": "3",
  "studyNumber": "2026000301",
  "status": "Em Execução",
  "numericStatus": 205,
  "stack": "RequestError: The parameter name observaResp has already been declared. Parameter names must be unique\n    at Request.input (C:\\Users\\ralme\\OneDrive\\Área de Trabalho\\rebuildapr\\projetoAPR\\server\\node_modules\\mssql\\lib\\base\\request.js:129:13)\n    at C:\\Users\\ralme\\OneDrive\\Área de Trabalho\\rebuildapr\\projetoAPR\\server\\index.js:1216:16\n    at process.processTicksAndRejections (node:internal/process/task_queues:103:5)"
}
---
{
  "timestamp": "2026-04-10T04:14:47.116Z",
  "message": "The parameter name observaResp has already been declared. Parameter names must be unique",
  "id": "3",
  "studyNumber": "2026000301",
  "status": "Em Execução",
  "numericStatus": 205,
  "stack": "RequestError: The parameter name observaResp has already been declared. Parameter names must be unique\n    at Request.input (C:\\Users\\ralme\\OneDrive\\Área de Trabalho\\rebuildapr\\projetoAPR\\server\\node_modules\\mssql\\lib\\base\\request.js:129:13)\n    at C:\\Users\\ralme\\OneDrive\\Área de Trabalho\\rebuildapr\\projetoAPR\\server\\index.js:1216:16\n    at process.processTicksAndRejections (node:internal/process/task_queues:103:5)"
}
---
{
  "timestamp": "2026-04-10T04:14:57.162Z",
  "message": "The parameter name observaResp has already been declared. Parameter names must be unique",
  "id": "3",
  "studyNumber": "2026000301",
  "status": "Em Execução",
  "numericStatus": 205,
  "stack": "RequestError: The parameter name observaResp has already been declared. Parameter names must be unique\n    at Request.input (C:\\Users\\ralme\\OneDrive\\Área de Trabalho\\rebuildapr\\projetoAPR\\server\\node_modules\\mssql\\lib\\base\\request.js:129:13)\n    at C:\\Users\\ralme\\OneDrive\\Área de Trabalho\\rebuildapr\\projetoAPR\\server\\index.js:1216:16\n    at process.processTicksAndRejections (node:internal/process/task_queues:103:5)"
}
---
{
  "timestamp": "2026-04-10T04:15:07.117Z",
  "message": "The parameter name observaResp has already been declared. Parameter names must be unique",
  "id": "3",
  "studyNumber": "2026000301",
  "status": "Em Execução",
  "numericStatus": 205,
  "stack": "RequestError: The parameter name observaResp has already been declared. Parameter names must be unique\n    at Request.input (C:\\Users\\ralme\\OneDrive\\Área de Trabalho\\rebuildapr\\projetoAPR\\server\\node_modules\\mssql\\lib\\base\\request.js:129:13)\n    at C:\\Users\\ralme\\OneDrive\\Área de Trabalho\\rebuildapr\\projetoAPR\\server\\index.js:1216:16\n    at process.processTicksAndRejections (node:internal/process/task_queues:103:5)"
}
---
{
  "timestamp": "2026-04-10T04:15:17.133Z",
  "message": "The parameter name observaResp has already been declared. Parameter names must be unique",
  "id": "3",
  "studyNumber": "2026000301",
  "status": "Em Execução",
  "numericStatus": 205,
  "stack": "RequestError: The parameter name observaResp has already been declared. Parameter names must be unique\n    at Request.input (C:\\Users\\ralme\\OneDrive\\Área de Trabalho\\rebuildapr\\projetoAPR\\server\\node_modules\\mssql\\lib\\base\\request.js:129:13)\n    at C:\\Users\\ralme\\OneDrive\\Área de Trabalho\\rebuildapr\\projetoAPR\\server\\index.js:1216:16\n    at process.processTicksAndRejections (node:internal/process/task_queues:103:5)"
}
---
{
  "timestamp": "2026-04-10T04:15:27.110Z",
  "message": "The parameter name observaResp has already been declared. Parameter names must be unique",
  "id": "3",
  "studyNumber": "2026000301",
  "status": "Em Execução",
  "numericStatus": 205,
  "stack": "RequestError: The parameter name observaResp has already been declared. Parameter names must be unique\n    at Request.input (C:\\Users\\ralme\\OneDrive\\Área de Trabalho\\rebuildapr\\projetoAPR\\server\\node_modules\\mssql\\lib\\base\\request.js:129:13)\n    at C:\\Users\\ralme\\OneDrive\\Área de Trabalho\\rebuildapr\\projetoAPR\\server\\index.js:1216:16\n    at process.processTicksAndRejections (node:internal/process/task_queues:103:5)"
}
---
{
  "timestamp": "2026-04-10T04:15:37.134Z",
  "message": "The parameter name observaResp has already been declared. Parameter names must be unique",
  "id": "3",
  "studyNumber": "2026000301",
  "status": "Em Execução",
  "numericStatus": 205,
  "stack": "RequestError: The parameter name observaResp has already been declared. Parameter names must be unique\n    at Request.input (C:\\Users\\ralme\\OneDrive\\Área de Trabalho\\rebuildapr\\projetoAPR\\server\\node_modules\\mssql\\lib\\base\\request.js:129:13)\n    at C:\\Users\\ralme\\OneDrive\\Área de Trabalho\\rebuildapr\\projetoAPR\\server\\index.js:1216:16\n    at process.processTicksAndRejections (node:internal/process/task_queues:103:5)"
}
---
{
  "timestamp": "2026-04-10T04:15:47.107Z",
  "message": "The parameter name observaResp has already been declared. Parameter names must be unique",
  "id": "3",
  "studyNumber": "2026000301",
  "status": "Em Execução",
  "numericStatus": 205,
  "stack": "RequestError: The parameter name observaResp has already been declared. Parameter names must be unique\n    at Request.input (C:\\Users\\ralme\\OneDrive\\Área de Trabalho\\rebuildapr\\projetoAPR\\server\\node_modules\\mssql\\lib\\base\\request.js:129:13)\n    at C:\\Users\\ralme\\OneDrive\\Área de Trabalho\\rebuildapr\\projetoAPR\\server\\index.js:1216:16\n    at process.processTicksAndRejections (node:internal/process/task_queues:103:5)"
}
---
{
  "timestamp": "2026-04-10T04:15:57.113Z",
  "message": "The parameter name observaResp has already been declared. Parameter names must be unique",
  "id": "3",
  "studyNumber": "2026000301",
  "status": "Em Execução",
  "numericStatus": 205,
  "stack": "RequestError: The parameter name observaResp has already been declared. Parameter names must be unique\n    at Request.input (C:\\Users\\ralme\\OneDrive\\Área de Trabalho\\rebuildapr\\projetoAPR\\server\\node_modules\\mssql\\lib\\base\\request.js:129:13)\n    at C:\\Users\\ralme\\OneDrive\\Área de Trabalho\\rebuildapr\\projetoAPR\\server\\index.js:1216:16\n    at process.processTicksAndRejections (node:internal/process/task_queues:103:5)"
}
---
{
  "timestamp": "2026-04-10T04:16:07.120Z",
  "message": "The parameter name observaResp has already been declared. Parameter names must be unique",
  "id": "3",
  "studyNumber": "2026000301",
  "status": "Em Execução",
  "numericStatus": 205,
  "stack": "RequestError: The parameter name observaResp has already been declared. Parameter names must be unique\n    at Request.input (C:\\Users\\ralme\\OneDrive\\Área de Trabalho\\rebuildapr\\projetoAPR\\server\\node_modules\\mssql\\lib\\base\\request.js:129:13)\n    at C:\\Users\\ralme\\OneDrive\\Área de Trabalho\\rebuildapr\\projetoAPR\\server\\index.js:1216:16\n    at process.processTicksAndRejections (node:internal/process/task_queues:103:5)"
}
---
{
  "timestamp": "2026-04-10T04:16:17.108Z",
  "message": "The parameter name observaResp has already been declared. Parameter names must be unique",
  "id": "3",
  "studyNumber": "2026000301",
  "status": "Em Execução",
  "numericStatus": 205,
  "stack": "RequestError: The parameter name observaResp has already been declared. Parameter names must be unique\n    at Request.input (C:\\Users\\ralme\\OneDrive\\Área de Trabalho\\rebuildapr\\projetoAPR\\server\\node_modules\\mssql\\lib\\base\\request.js:129:13)\n    at C:\\Users\\ralme\\OneDrive\\Área de Trabalho\\rebuildapr\\projetoAPR\\server\\index.js:1216:16\n    at process.processTicksAndRejections (node:internal/process/task_queues:103:5)"
}
---
{
  "timestamp": "2026-04-10T04:16:27.130Z",
  "message": "The parameter name observaResp has already been declared. Parameter names must be unique",
  "id": "3",
  "studyNumber": "2026000301",
  "status": "Em Execução",
  "numericStatus": 205,
  "stack": "RequestError: The parameter name observaResp has already been declared. Parameter names must be unique\n    at Request.input (C:\\Users\\ralme\\OneDrive\\Área de Trabalho\\rebuildapr\\projetoAPR\\server\\node_modules\\mssql\\lib\\base\\request.js:129:13)\n    at C:\\Users\\ralme\\OneDrive\\Área de Trabalho\\rebuildapr\\projetoAPR\\server\\index.js:1216:16\n    at process.processTicksAndRejections (node:internal/process/task_queues:103:5)"
}
---
{
  "timestamp": "2026-04-10T04:16:37.218Z",
  "message": "The parameter name observaResp has already been declared. Parameter names must be unique",
  "id": "3",
  "studyNumber": "2026000301",
  "status": "Em Execução",
  "numericStatus": 205,
  "stack": "RequestError: The parameter name observaResp has already been declared. Parameter names must be unique\n    at Request.input (C:\\Users\\ralme\\OneDrive\\Área de Trabalho\\rebuildapr\\projetoAPR\\server\\node_modules\\mssql\\lib\\base\\request.js:129:13)\n    at C:\\Users\\ralme\\OneDrive\\Área de Trabalho\\rebuildapr\\projetoAPR\\server\\index.js:1216:16\n    at process.processTicksAndRejections (node:internal/process/task_queues:103:5)"
}
---
{
  "timestamp": "2026-04-10T04:16:47.137Z",
  "message": "The parameter name observaResp has already been declared. Parameter names must be unique",
  "id": "3",
  "studyNumber": "2026000301",
  "status": "Em Execução",
  "numericStatus": 205,
  "stack": "RequestError: The parameter name observaResp has already been declared. Parameter names must be unique\n    at Request.input (C:\\Users\\ralme\\OneDrive\\Área de Trabalho\\rebuildapr\\projetoAPR\\server\\node_modules\\mssql\\lib\\base\\request.js:129:13)\n    at C:\\Users\\ralme\\OneDrive\\Área de Trabalho\\rebuildapr\\projetoAPR\\server\\index.js:1216:16\n    at process.processTicksAndRejections (node:internal/process/task_queues:103:5)"
}
---
{
  "timestamp": "2026-04-10T04:16:57.118Z",
  "message": "The parameter name observaResp has already been declared. Parameter names must be unique",
  "id": "3",
  "studyNumber": "2026000301",
  "status": "Em Execução",
  "numericStatus": 205,
  "stack": "RequestError: The parameter name observaResp has already been declared. Parameter names must be unique\n    at Request.input (C:\\Users\\ralme\\OneDrive\\Área de Trabalho\\rebuildapr\\projetoAPR\\server\\node_modules\\mssql\\lib\\base\\request.js:129:13)\n    at C:\\Users\\ralme\\OneDrive\\Área de Trabalho\\rebuildapr\\projetoAPR\\server\\index.js:1216:16\n    at process.processTicksAndRejections (node:internal/process/task_queues:103:5)"
}
---
{
  "timestamp": "2026-04-10T04:17:07.180Z",
  "message": "The parameter name observaResp has already been declared. Parameter names must be unique",
  "id": "3",
  "studyNumber": "2026000301",
  "status": "Em Execução",
  "numericStatus": 205,
  "stack": "RequestError: The parameter name observaResp has already been declared. Parameter names must be unique\n    at Request.input (C:\\Users\\ralme\\OneDrive\\Área de Trabalho\\rebuildapr\\projetoAPR\\server\\node_modules\\mssql\\lib\\base\\request.js:129:13)\n    at C:\\Users\\ralme\\OneDrive\\Área de Trabalho\\rebuildapr\\projetoAPR\\server\\index.js:1216:16\n    at process.processTicksAndRejections (node:internal/process/task_queues:103:5)"
}
---
{
  "timestamp": "2026-04-10T04:17:17.118Z",
  "message": "The parameter name observaResp has already been declared. Parameter names must be unique",
  "id": "3",
  "studyNumber": "2026000301",
  "status": "Em Execução",
  "numericStatus": 205,
  "stack": "RequestError: The parameter name observaResp has already been declared. Parameter names must be unique\n    at Request.input (C:\\Users\\ralme\\OneDrive\\Área de Trabalho\\rebuildapr\\projetoAPR\\server\\node_modules\\mssql\\lib\\base\\request.js:129:13)\n    at C:\\Users\\ralme\\OneDrive\\Área de Trabalho\\rebuildapr\\projetoAPR\\server\\index.js:1216:16\n    at process.processTicksAndRejections (node:internal/process/task_queues:103:5)"
}
---
{
  "timestamp": "2026-04-10T04:17:27.114Z",
  "message": "The parameter name observaResp has already been declared. Parameter names must be unique",
  "id": "3",
  "studyNumber": "2026000301",
  "status": "Em Execução",
  "numericStatus": 205,
  "stack": "RequestError: The parameter name observaResp has already been declared. Parameter names must be unique\n    at Request.input (C:\\Users\\ralme\\OneDrive\\Área de Trabalho\\rebuildapr\\projetoAPR\\server\\node_modules\\mssql\\lib\\base\\request.js:129:13)\n    at C:\\Users\\ralme\\OneDrive\\Área de Trabalho\\rebuildapr\\projetoAPR\\server\\index.js:1216:16\n    at process.processTicksAndRejections (node:internal/process/task_queues:103:5)"
}
---
{
  "timestamp": "2026-04-10T04:17:37.112Z",
  "message": "The parameter name observaResp has already been declared. Parameter names must be unique",
  "id": "3",
  "studyNumber": "2026000301",
  "status": "Em Execução",
  "numericStatus": 205,
  "stack": "RequestError: The parameter name observaResp has already been declared. Parameter names must be unique\n    at Request.input (C:\\Users\\ralme\\OneDrive\\Área de Trabalho\\rebuildapr\\projetoAPR\\server\\node_modules\\mssql\\lib\\base\\request.js:129:13)\n    at C:\\Users\\ralme\\OneDrive\\Área de Trabalho\\rebuildapr\\projetoAPR\\server\\index.js:1216:16\n    at process.processTicksAndRejections (node:internal/process/task_queues:103:5)"
}
---
{
  "timestamp": "2026-04-10T04:17:47.173Z",
  "message": "The parameter name observaResp has already been declared. Parameter names must be unique",
  "id": "3",
  "studyNumber": "2026000301",
  "status": "Em Execução",
  "numericStatus": 205,
  "stack": "RequestError: The parameter name observaResp has already been declared. Parameter names must be unique\n    at Request.input (C:\\Users\\ralme\\OneDrive\\Área de Trabalho\\rebuildapr\\projetoAPR\\server\\node_modules\\mssql\\lib\\base\\request.js:129:13)\n    at C:\\Users\\ralme\\OneDrive\\Área de Trabalho\\rebuildapr\\projetoAPR\\server\\index.js:1216:16\n    at process.processTicksAndRejections (node:internal/process/task_queues:103:5)"
}
---
{
  "timestamp": "2026-04-10T04:17:57.176Z",
  "message": "The parameter name observaResp has already been declared. Parameter names must be unique",
  "id": "3",
  "studyNumber": "2026000301",
  "status": "Em Execução",
  "numericStatus": 205,
  "stack": "RequestError: The parameter name observaResp has already been declared. Parameter names must be unique\n    at Request.input (C:\\Users\\ralme\\OneDrive\\Área de Trabalho\\rebuildapr\\projetoAPR\\server\\node_modules\\mssql\\lib\\base\\request.js:129:13)\n    at C:\\Users\\ralme\\OneDrive\\Área de Trabalho\\rebuildapr\\projetoAPR\\server\\index.js:1216:16\n    at process.processTicksAndRejections (node:internal/process/task_queues:103:5)"
}
---
{
  "timestamp": "2026-04-10T04:18:07.170Z",
  "message": "The parameter name observaResp has already been declared. Parameter names must be unique",
  "id": "3",
  "studyNumber": "2026000301",
  "status": "Em Execução",
  "numericStatus": 205,
  "stack": "RequestError: The parameter name observaResp has already been declared. Parameter names must be unique\n    at Request.input (C:\\Users\\ralme\\OneDrive\\Área de Trabalho\\rebuildapr\\projetoAPR\\server\\node_modules\\mssql\\lib\\base\\request.js:129:13)\n    at C:\\Users\\ralme\\OneDrive\\Área de Trabalho\\rebuildapr\\projetoAPR\\server\\index.js:1216:16\n    at process.processTicksAndRejections (node:internal/process/task_queues:103:5)"
}
---
{
  "timestamp": "2026-04-10T04:18:17.189Z",
  "message": "The parameter name observaResp has already been declared. Parameter names must be unique",
  "id": "3",
  "studyNumber": "2026000301",
  "status": "Em Execução",
  "numericStatus": 205,
  "stack": "RequestError: The parameter name observaResp has already been declared. Parameter names must be unique\n    at Request.input (C:\\Users\\ralme\\OneDrive\\Área de Trabalho\\rebuildapr\\projetoAPR\\server\\node_modules\\mssql\\lib\\base\\request.js:129:13)\n    at C:\\Users\\ralme\\OneDrive\\Área de Trabalho\\rebuildapr\\projetoAPR\\server\\index.js:1216:16\n    at process.processTicksAndRejections (node:internal/process/task_queues:103:5)"
}
---
{
  "timestamp": "2026-04-10T04:18:27.133Z",
  "message": "The parameter name observaResp has already been declared. Parameter names must be unique",
  "id": "3",
  "studyNumber": "2026000301",
  "status": "Em Execução",
  "numericStatus": 205,
  "stack": "RequestError: The parameter name observaResp has already been declared. Parameter names must be unique\n    at Request.input (C:\\Users\\ralme\\OneDrive\\Área de Trabalho\\rebuildapr\\projetoAPR\\server\\node_modules\\mssql\\lib\\base\\request.js:129:13)\n    at C:\\Users\\ralme\\OneDrive\\Área de Trabalho\\rebuildapr\\projetoAPR\\server\\index.js:1216:16\n    at process.processTicksAndRejections (node:internal/process/task_queues:103:5)"
}
---
{
  "timestamp": "2026-04-10T04:18:37.131Z",
  "message": "The parameter name observaResp has already been declared. Parameter names must be unique",
  "id": "3",
  "studyNumber": "2026000301",
  "status": "Em Execução",
  "numericStatus": 205,
  "stack": "RequestError: The parameter name observaResp has already been declared. Parameter names must be unique\n    at Request.input (C:\\Users\\ralme\\OneDrive\\Área de Trabalho\\rebuildapr\\projetoAPR\\server\\node_modules\\mssql\\lib\\base\\request.js:129:13)\n    at C:\\Users\\ralme\\OneDrive\\Área de Trabalho\\rebuildapr\\projetoAPR\\server\\index.js:1216:16\n    at process.processTicksAndRejections (node:internal/process/task_queues:103:5)"
}
---
{
  "timestamp": "2026-04-10T04:19:00.896Z",
  "message": "The parameter name observaResp has already been declared. Parameter names must be unique",
  "id": "3",
  "studyNumber": "2026000301",
  "status": "Em Execução",
  "numericStatus": 205,
  "stack": "RequestError: The parameter name observaResp has already been declared. Parameter names must be unique\n    at Request.input (C:\\Users\\ralme\\OneDrive\\Área de Trabalho\\rebuildapr\\projetoAPR\\server\\node_modules\\mssql\\lib\\base\\request.js:129:13)\n    at C:\\Users\\ralme\\OneDrive\\Área de Trabalho\\rebuildapr\\projetoAPR\\server\\index.js:1216:16\n    at process.processTicksAndRejections (node:internal/process/task_queues:103:5)"
}
---
{
  "timestamp": "2026-04-10T04:19:10.845Z",
  "message": "The parameter name observaResp has already been declared. Parameter names must be unique",
  "id": "3",
  "studyNumber": "2026000301",
  "status": "Em Execução",
  "numericStatus": 205,
  "stack": "RequestError: The parameter name observaResp has already been declared. Parameter names must be unique\n    at Request.input (C:\\Users\\ralme\\OneDrive\\Área de Trabalho\\rebuildapr\\projetoAPR\\server\\node_modules\\mssql\\lib\\base\\request.js:129:13)\n    at C:\\Users\\ralme\\OneDrive\\Área de Trabalho\\rebuildapr\\projetoAPR\\server\\index.js:1216:16\n    at process.processTicksAndRejections (node:internal/process/task_queues:103:5)"
}
---
{
  "timestamp": "2026-04-10T04:19:20.858Z",
  "message": "The parameter name observaResp has already been declared. Parameter names must be unique",
  "id": "3",
  "studyNumber": "2026000301",
  "status": "Em Execução",
  "numericStatus": 205,
  "stack": "RequestError: The parameter name observaResp has already been declared. Parameter names must be unique\n    at Request.input (C:\\Users\\ralme\\OneDrive\\Área de Trabalho\\rebuildapr\\projetoAPR\\server\\node_modules\\mssql\\lib\\base\\request.js:129:13)\n    at C:\\Users\\ralme\\OneDrive\\Área de Trabalho\\rebuildapr\\projetoAPR\\server\\index.js:1216:16\n    at process.processTicksAndRejections (node:internal/process/task_queues:103:5)"
}
---
{
  "timestamp": "2026-04-10T04:19:30.846Z",
  "message": "The parameter name observaResp has already been declared. Parameter names must be unique",
  "id": "3",
  "studyNumber": "2026000301",
  "status": "Em Execução",
  "numericStatus": 205,
  "stack": "RequestError: The parameter name observaResp has already been declared. Parameter names must be unique\n    at Request.input (C:\\Users\\ralme\\OneDrive\\Área de Trabalho\\rebuildapr\\projetoAPR\\server\\node_modules\\mssql\\lib\\base\\request.js:129:13)\n    at C:\\Users\\ralme\\OneDrive\\Área de Trabalho\\rebuildapr\\projetoAPR\\server\\index.js:1216:16\n    at process.processTicksAndRejections (node:internal/process/task_queues:103:5)"
}
---
{
  "timestamp": "2026-04-10T04:19:37.394Z",
  "message": "The parameter name observaResp has already been declared. Parameter names must be unique",
  "id": "3",
  "studyNumber": "2026000301",
  "status": "Em Execução",
  "numericStatus": 205,
  "stack": "RequestError: The parameter name observaResp has already been declared. Parameter names must be unique\n    at Request.input (C:\\Users\\ralme\\OneDrive\\Área de Trabalho\\rebuildapr\\projetoAPR\\server\\node_modules\\mssql\\lib\\base\\request.js:129:13)\n    at C:\\Users\\ralme\\OneDrive\\Área de Trabalho\\rebuildapr\\projetoAPR\\server\\index.js:1216:16\n    at process.processTicksAndRejections (node:internal/process/task_queues:103:5)"
}
---
{
  "timestamp": "2026-04-10T04:19:40.931Z",
  "message": "The parameter name observaResp has already been declared. Parameter names must be unique",
  "id": "3",
  "studyNumber": "2026000301",
  "status": "Em Execução",
  "numericStatus": 205,
  "stack": "RequestError: The parameter name observaResp has already been declared. Parameter names must be unique\n    at Request.input (C:\\Users\\ralme\\OneDrive\\Área de Trabalho\\rebuildapr\\projetoAPR\\server\\node_modules\\mssql\\lib\\base\\request.js:129:13)\n    at C:\\Users\\ralme\\OneDrive\\Área de Trabalho\\rebuildapr\\projetoAPR\\server\\index.js:1216:16\n    at process.processTicksAndRejections (node:internal/process/task_queues:103:5)"
}
---
{
  "timestamp": "2026-04-10T04:19:50.920Z",
  "message": "The parameter name observaResp has already been declared. Parameter names must be unique",
  "id": "3",
  "studyNumber": "2026000301",
  "status": "Em Execução",
  "numericStatus": 205,
  "stack": "RequestError: The parameter name observaResp has already been declared. Parameter names must be unique\n    at Request.input (C:\\Users\\ralme\\OneDrive\\Área de Trabalho\\rebuildapr\\projetoAPR\\server\\node_modules\\mssql\\lib\\base\\request.js:129:13)\n    at C:\\Users\\ralme\\OneDrive\\Área de Trabalho\\rebuildapr\\projetoAPR\\server\\index.js:1216:16\n    at process.processTicksAndRejections (node:internal/process/task_queues:103:5)"
}
---
{
  "timestamp": "2026-04-10T04:20:00.922Z",
  "message": "The parameter name observaResp has already been declared. Parameter names must be unique",
  "id": "3",
  "studyNumber": "2026000301",
  "status": "Em Execução",
  "numericStatus": 205,
  "stack": "RequestError: The parameter name observaResp has already been declared. Parameter names must be unique\n    at Request.input (C:\\Users\\ralme\\OneDrive\\Área de Trabalho\\rebuildapr\\projetoAPR\\server\\node_modules\\mssql\\lib\\base\\request.js:129:13)\n    at C:\\Users\\ralme\\OneDrive\\Área de Trabalho\\rebuildapr\\projetoAPR\\server\\index.js:1216:16\n    at process.processTicksAndRejections (node:internal/process/task_queues:103:5)"
}
---
{
  "timestamp": "2026-04-10T04:20:03.936Z",
  "message": "The parameter name observaResp has already been declared. Parameter names must be unique",
  "id": "3",
  "studyNumber": "2026000301",
  "status": "Em Execução",
  "numericStatus": 205,
  "stack": "RequestError: The parameter name observaResp has already been declared. Parameter names must be unique\n    at Request.input (C:\\Users\\ralme\\OneDrive\\Área de Trabalho\\rebuildapr\\projetoAPR\\server\\node_modules\\mssql\\lib\\base\\request.js:129:13)\n    at C:\\Users\\ralme\\OneDrive\\Área de Trabalho\\rebuildapr\\projetoAPR\\server\\index.js:1216:16\n    at process.processTicksAndRejections (node:internal/process/task_queues:103:5)"
}
---
{
  "timestamp": "2026-04-10T04:20:10.853Z",
  "message": "The parameter name observaResp has already been declared. Parameter names must be unique",
  "id": "3",
  "studyNumber": "2026000301",
  "status": "Em Execução",
  "numericStatus": 205,
  "stack": "RequestError: The parameter name observaResp has already been declared. Parameter names must be unique\n    at Request.input (C:\\Users\\ralme\\OneDrive\\Área de Trabalho\\rebuildapr\\projetoAPR\\server\\node_modules\\mssql\\lib\\base\\request.js:129:13)\n    at C:\\Users\\ralme\\OneDrive\\Área de Trabalho\\rebuildapr\\projetoAPR\\server\\index.js:1216:16\n    at process.processTicksAndRejections (node:internal/process/task_queues:103:5)"
}
---
{
  "timestamp": "2026-04-10T04:20:20.847Z",
  "message": "The parameter name observaResp has already been declared. Parameter names must be unique",
  "id": "3",
  "studyNumber": "2026000301",
  "status": "Em Execução",
  "numericStatus": 205,
  "stack": "RequestError: The parameter name observaResp has already been declared. Parameter names must be unique\n    at Request.input (C:\\Users\\ralme\\OneDrive\\Área de Trabalho\\rebuildapr\\projetoAPR\\server\\node_modules\\mssql\\lib\\base\\request.js:129:13)\n    at C:\\Users\\ralme\\OneDrive\\Área de Trabalho\\rebuildapr\\projetoAPR\\server\\index.js:1216:16\n    at process.processTicksAndRejections (node:internal/process/task_queues:103:5)"
}
---
{
  "timestamp": "2026-04-10T04:20:30.852Z",
  "message": "The parameter name observaResp has already been declared. Parameter names must be unique",
  "id": "3",
  "studyNumber": "2026000301",
  "status": "Em Execução",
  "numericStatus": 205,
  "stack": "RequestError: The parameter name observaResp has already been declared. Parameter names must be unique\n    at Request.input (C:\\Users\\ralme\\OneDrive\\Área de Trabalho\\rebuildapr\\projetoAPR\\server\\node_modules\\mssql\\lib\\base\\request.js:129:13)\n    at C:\\Users\\ralme\\OneDrive\\Área de Trabalho\\rebuildapr\\projetoAPR\\server\\index.js:1216:16\n    at process.processTicksAndRejections (node:internal/process/task_queues:103:5)"
}
---
{
  "timestamp": "2026-04-10T04:20:40.873Z",
  "message": "The parameter name observaResp has already been declared. Parameter names must be unique",
  "id": "3",
  "studyNumber": "2026000301",
  "status": "Em Execução",
  "numericStatus": 205,
  "stack": "RequestError: The parameter name observaResp has already been declared. Parameter names must be unique\n    at Request.input (C:\\Users\\ralme\\OneDrive\\Área de Trabalho\\rebuildapr\\projetoAPR\\server\\node_modules\\mssql\\lib\\base\\request.js:129:13)\n    at C:\\Users\\ralme\\OneDrive\\Área de Trabalho\\rebuildapr\\projetoAPR\\server\\index.js:1216:16\n    at process.processTicksAndRejections (node:internal/process/task_queues:103:5)"
}
---
{
  "timestamp": "2026-04-10T04:20:50.851Z",
  "message": "The parameter name observaResp has already been declared. Parameter names must be unique",
  "id": "3",
  "studyNumber": "2026000301",
  "status": "Em Execução",
  "numericStatus": 205,
  "stack": "RequestError: The parameter name observaResp has already been declared. Parameter names must be unique\n    at Request.input (C:\\Users\\ralme\\OneDrive\\Área de Trabalho\\rebuildapr\\projetoAPR\\server\\node_modules\\mssql\\lib\\base\\request.js:129:13)\n    at C:\\Users\\ralme\\OneDrive\\Área de Trabalho\\rebuildapr\\projetoAPR\\server\\index.js:1216:16\n    at process.processTicksAndRejections (node:internal/process/task_queues:103:5)"
}
---
{
  "timestamp": "2026-04-10T04:21:00.845Z",
  "message": "The parameter name observaResp has already been declared. Parameter names must be unique",
  "id": "3",
  "studyNumber": "2026000301",
  "status": "Em Execução",
  "numericStatus": 205,
  "stack": "RequestError: The parameter name observaResp has already been declared. Parameter names must be unique\n    at Request.input (C:\\Users\\ralme\\OneDrive\\Área de Trabalho\\rebuildapr\\projetoAPR\\server\\node_modules\\mssql\\lib\\base\\request.js:129:13)\n    at C:\\Users\\ralme\\OneDrive\\Área de Trabalho\\rebuildapr\\projetoAPR\\server\\index.js:1216:16\n    at process.processTicksAndRejections (node:internal/process/task_queues:103:5)"
}
---
{
  "timestamp": "2026-04-10T04:21:10.845Z",
  "message": "The parameter name observaResp has already been declared. Parameter names must be unique",
  "id": "3",
  "studyNumber": "2026000301",
  "status": "Em Execução",
  "numericStatus": 205,
  "stack": "RequestError: The parameter name observaResp has already been declared. Parameter names must be unique\n    at Request.input (C:\\Users\\ralme\\OneDrive\\Área de Trabalho\\rebuildapr\\projetoAPR\\server\\node_modules\\mssql\\lib\\base\\request.js:129:13)\n    at C:\\Users\\ralme\\OneDrive\\Área de Trabalho\\rebuildapr\\projetoAPR\\server\\index.js:1216:16\n    at process.processTicksAndRejections (node:internal/process/task_queues:103:5)"
}
---
{
  "timestamp": "2026-04-10T04:21:20.848Z",
  "message": "The parameter name observaResp has already been declared. Parameter names must be unique",
  "id": "3",
  "studyNumber": "2026000301",
  "status": "Em Execução",
  "numericStatus": 205,
  "stack": "RequestError: The parameter name observaResp has already been declared. Parameter names must be unique\n    at Request.input (C:\\Users\\ralme\\OneDrive\\Área de Trabalho\\rebuildapr\\projetoAPR\\server\\node_modules\\mssql\\lib\\base\\request.js:129:13)\n    at C:\\Users\\ralme\\OneDrive\\Área de Trabalho\\rebuildapr\\projetoAPR\\server\\index.js:1216:16\n    at process.processTicksAndRejections (node:internal/process/task_queues:103:5)"
}
---
{
  "timestamp": "2026-04-10T04:21:30.845Z",
  "message": "The parameter name observaResp has already been declared. Parameter names must be unique",
  "id": "3",
  "studyNumber": "2026000301",
  "status": "Em Execução",
  "numericStatus": 205,
  "stack": "RequestError: The parameter name observaResp has already been declared. Parameter names must be unique\n    at Request.input (C:\\Users\\ralme\\OneDrive\\Área de Trabalho\\rebuildapr\\projetoAPR\\server\\node_modules\\mssql\\lib\\base\\request.js:129:13)\n    at C:\\Users\\ralme\\OneDrive\\Área de Trabalho\\rebuildapr\\projetoAPR\\server\\index.js:1216:16\n    at process.processTicksAndRejections (node:internal/process/task_queues:103:5)"
}
---
{
  "timestamp": "2026-04-10T04:21:40.881Z",
  "message": "The parameter name observaResp has already been declared. Parameter names must be unique",
  "id": "3",
  "studyNumber": "2026000301",
  "status": "Em Execução",
  "numericStatus": 205,
  "stack": "RequestError: The parameter name observaResp has already been declared. Parameter names must be unique\n    at Request.input (C:\\Users\\ralme\\OneDrive\\Área de Trabalho\\rebuildapr\\projetoAPR\\server\\node_modules\\mssql\\lib\\base\\request.js:129:13)\n    at C:\\Users\\ralme\\OneDrive\\Área de Trabalho\\rebuildapr\\projetoAPR\\server\\index.js:1216:16\n    at process.processTicksAndRejections (node:internal/process/task_queues:103:5)"
}
---
{
  "timestamp": "2026-04-10T04:21:50.904Z",
  "message": "The parameter name observaResp has already been declared. Parameter names must be unique",
  "id": "3",
  "studyNumber": "2026000301",
  "status": "Em Execução",
  "numericStatus": 205,
  "stack": "RequestError: The parameter name observaResp has already been declared. Parameter names must be unique\n    at Request.input (C:\\Users\\ralme\\OneDrive\\Área de Trabalho\\rebuildapr\\projetoAPR\\server\\node_modules\\mssql\\lib\\base\\request.js:129:13)\n    at C:\\Users\\ralme\\OneDrive\\Área de Trabalho\\rebuildapr\\projetoAPR\\server\\index.js:1216:16\n    at process.processTicksAndRejections (node:internal/process/task_queues:103:5)"
}
---
{
  "timestamp": "2026-04-10T04:22:01.539Z",
  "message": "The parameter name observaResp has already been declared. Parameter names must be unique",
  "id": "3",
  "studyNumber": "2026000301",
  "status": "Em Execução",
  "numericStatus": 205,
  "stack": "RequestError: The parameter name observaResp has already been declared. Parameter names must be unique\n    at Request.input (C:\\Users\\ralme\\OneDrive\\Área de Trabalho\\rebuildapr\\projetoAPR\\server\\node_modules\\mssql\\lib\\base\\request.js:129:13)\n    at C:\\Users\\ralme\\OneDrive\\Área de Trabalho\\rebuildapr\\projetoAPR\\server\\index.js:1216:16\n    at process.processTicksAndRejections (node:internal/process/task_queues:103:5)"
}
---
{
  "timestamp": "2026-04-10T04:22:05.146Z",
  "message": "The parameter name observaResp has already been declared. Parameter names must be unique",
  "id": "3",
  "studyNumber": "2026000301",
  "status": "Em Execução",
  "numericStatus": 205,
  "stack": "RequestError: The parameter name observaResp has already been declared. Parameter names must be unique\n    at Request.input (C:\\Users\\ralme\\OneDrive\\Área de Trabalho\\rebuildapr\\projetoAPR\\server\\node_modules\\mssql\\lib\\base\\request.js:129:13)\n    at C:\\Users\\ralme\\OneDrive\\Área de Trabalho\\rebuildapr\\projetoAPR\\server\\index.js:1216:16\n    at process.processTicksAndRejections (node:internal/process/task_queues:103:5)"
}
---
{
  "timestamp": "2026-04-10T04:22:10.860Z",
  "message": "The parameter name observaResp has already been declared. Parameter names must be unique",
  "id": "3",
  "studyNumber": "2026000301",
  "status": "Em Execução",
  "numericStatus": 205,
  "stack": "RequestError: The parameter name observaResp has already been declared. Parameter names must be unique\n    at Request.input (C:\\Users\\ralme\\OneDrive\\Área de Trabalho\\rebuildapr\\projetoAPR\\server\\node_modules\\mssql\\lib\\base\\request.js:129:13)\n    at C:\\Users\\ralme\\OneDrive\\Área de Trabalho\\rebuildapr\\projetoAPR\\server\\index.js:1216:16\n    at process.processTicksAndRejections (node:internal/process/task_queues:103:5)"
}
---
{
  "timestamp": "2026-04-10T04:22:20.853Z",
  "message": "The parameter name observaResp has already been declared. Parameter names must be unique",
  "id": "3",
  "studyNumber": "2026000301",
  "status": "Em Execução",
  "numericStatus": 205,
  "stack": "RequestError: The parameter name observaResp has already been declared. Parameter names must be unique\n    at Request.input (C:\\Users\\ralme\\OneDrive\\Área de Trabalho\\rebuildapr\\projetoAPR\\server\\node_modules\\mssql\\lib\\base\\request.js:129:13)\n    at C:\\Users\\ralme\\OneDrive\\Área de Trabalho\\rebuildapr\\projetoAPR\\server\\index.js:1216:16\n    at process.processTicksAndRejections (node:internal/process/task_queues:103:5)"
}
---
{
  "timestamp": "2026-04-10T04:22:30.867Z",
  "message": "The parameter name observaResp has already been declared. Parameter names must be unique",
  "id": "3",
  "studyNumber": "2026000301",
  "status": "Em Execução",
  "numericStatus": 205,
  "stack": "RequestError: The parameter name observaResp has already been declared. Parameter names must be unique\n    at Request.input (C:\\Users\\ralme\\OneDrive\\Área de Trabalho\\rebuildapr\\projetoAPR\\server\\node_modules\\mssql\\lib\\base\\request.js:129:13)\n    at C:\\Users\\ralme\\OneDrive\\Área de Trabalho\\rebuildapr\\projetoAPR\\server\\index.js:1216:16\n    at process.processTicksAndRejections (node:internal/process/task_queues:103:5)"
}
---
{
  "timestamp": "2026-04-10T04:22:40.852Z",
  "message": "The parameter name observaResp has already been declared. Parameter names must be unique",
  "id": "3",
  "studyNumber": "2026000301",
  "status": "Em Execução",
  "numericStatus": 205,
  "stack": "RequestError: The parameter name observaResp has already been declared. Parameter names must be unique\n    at Request.input (C:\\Users\\ralme\\OneDrive\\Área de Trabalho\\rebuildapr\\projetoAPR\\server\\node_modules\\mssql\\lib\\base\\request.js:129:13)\n    at C:\\Users\\ralme\\OneDrive\\Área de Trabalho\\rebuildapr\\projetoAPR\\server\\index.js:1216:16\n    at process.processTicksAndRejections (node:internal/process/task_queues:103:5)"
}
---
{
  "timestamp": "2026-04-10T04:22:50.844Z",
  "message": "The parameter name observaResp has already been declared. Parameter names must be unique",
  "id": "3",
  "studyNumber": "2026000301",
  "status": "Em Execução",
  "numericStatus": 205,
  "stack": "RequestError: The parameter name observaResp has already been declared. Parameter names must be unique\n    at Request.input (C:\\Users\\ralme\\OneDrive\\Área de Trabalho\\rebuildapr\\projetoAPR\\server\\node_modules\\mssql\\lib\\base\\request.js:129:13)\n    at C:\\Users\\ralme\\OneDrive\\Área de Trabalho\\rebuildapr\\projetoAPR\\server\\index.js:1216:16\n    at process.processTicksAndRejections (node:internal/process/task_queues:103:5)"
}
---
{
  "timestamp": "2026-04-10T04:23:00.843Z",
  "message": "The parameter name observaResp has already been declared. Parameter names must be unique",
  "id": "3",
  "studyNumber": "2026000301",
  "status": "Em Execução",
  "numericStatus": 205,
  "stack": "RequestError: The parameter name observaResp has already been declared. Parameter names must be unique\n    at Request.input (C:\\Users\\ralme\\OneDrive\\Área de Trabalho\\rebuildapr\\projetoAPR\\server\\node_modules\\mssql\\lib\\base\\request.js:129:13)\n    at C:\\Users\\ralme\\OneDrive\\Área de Trabalho\\rebuildapr\\projetoAPR\\server\\index.js:1216:16\n    at process.processTicksAndRejections (node:internal/process/task_queues:103:5)"
}
---
{
  "timestamp": "2026-04-10T04:23:10.857Z",
  "message": "The parameter name observaResp has already been declared. Parameter names must be unique",
  "id": "3",
  "studyNumber": "2026000301",
  "status": "Em Execução",
  "numericStatus": 205,
  "stack": "RequestError: The parameter name observaResp has already been declared. Parameter names must be unique\n    at Request.input (C:\\Users\\ralme\\OneDrive\\Área de Trabalho\\rebuildapr\\projetoAPR\\server\\node_modules\\mssql\\lib\\base\\request.js:129:13)\n    at C:\\Users\\ralme\\OneDrive\\Área de Trabalho\\rebuildapr\\projetoAPR\\server\\index.js:1216:16\n    at process.processTicksAndRejections (node:internal/process/task_queues:103:5)"
}
---
{
  "timestamp": "2026-04-10T04:23:20.873Z",
  "message": "The parameter name observaResp has already been declared. Parameter names must be unique",
  "id": "3",
  "studyNumber": "2026000301",
  "status": "Em Execução",
  "numericStatus": 205,
  "stack": "RequestError: The parameter name observaResp has already been declared. Parameter names must be unique\n    at Request.input (C:\\Users\\ralme\\OneDrive\\Área de Trabalho\\rebuildapr\\projetoAPR\\server\\node_modules\\mssql\\lib\\base\\request.js:129:13)\n    at C:\\Users\\ralme\\OneDrive\\Área de Trabalho\\rebuildapr\\projetoAPR\\server\\index.js:1216:16\n    at process.processTicksAndRejections (node:internal/process/task_queues:103:5)"
}
---
{
  "timestamp": "2026-04-10T04:23:31.951Z",
  "message": "The parameter name observaResp has already been declared. Parameter names must be unique",
  "id": "3",
  "studyNumber": "2026000301",
  "status": "Em Execução",
  "numericStatus": 205,
  "stack": "RequestError: The parameter name observaResp has already been declared. Parameter names must be unique\n    at Request.input (C:\\Users\\ralme\\OneDrive\\Área de Trabalho\\rebuildapr\\projetoAPR\\server\\node_modules\\mssql\\lib\\base\\request.js:129:13)\n    at C:\\Users\\ralme\\OneDrive\\Área de Trabalho\\rebuildapr\\projetoAPR\\server\\index.js:1216:16\n    at process.processTicksAndRejections (node:internal/process/task_queues:103:5)"
}
---
{
  "timestamp": "2026-04-10T04:23:41.953Z",
  "message": "The parameter name observaResp has already been declared. Parameter names must be unique",
  "id": "3",
  "studyNumber": "2026000301",
  "status": "Em Execução",
  "numericStatus": 205,
  "stack": "RequestError: The parameter name observaResp has already been declared. Parameter names must be unique\n    at Request.input (C:\\Users\\ralme\\OneDrive\\Área de Trabalho\\rebuildapr\\projetoAPR\\server\\node_modules\\mssql\\lib\\base\\request.js:129:13)\n    at C:\\Users\\ralme\\OneDrive\\Área de Trabalho\\rebuildapr\\projetoAPR\\server\\index.js:1216:16\n    at process.processTicksAndRejections (node:internal/process/task_queues:103:5)"
}
---
{
  "timestamp": "2026-04-10T04:23:51.960Z",
  "message": "The parameter name observaResp has already been declared. Parameter names must be unique",
  "id": "3",
  "studyNumber": "2026000301",
  "status": "Em Execução",
  "numericStatus": 205,
  "stack": "RequestError: The parameter name observaResp has already been declared. Parameter names must be unique\n    at Request.input (C:\\Users\\ralme\\OneDrive\\Área de Trabalho\\rebuildapr\\projetoAPR\\server\\node_modules\\mssql\\lib\\base\\request.js:129:13)\n    at C:\\Users\\ralme\\OneDrive\\Área de Trabalho\\rebuildapr\\projetoAPR\\server\\index.js:1216:16\n    at process.processTicksAndRejections (node:internal/process/task_queues:103:5)"
}
---
{
  "timestamp": "2026-04-10T04:24:01.952Z",
  "message": "The parameter name observaResp has already been declared. Parameter names must be unique",
  "id": "3",
  "studyNumber": "2026000301",
  "status": "Em Execução",
  "numericStatus": 205,
  "stack": "RequestError: The parameter name observaResp has already been declared. Parameter names must be unique\n    at Request.input (C:\\Users\\ralme\\OneDrive\\Área de Trabalho\\rebuildapr\\projetoAPR\\server\\node_modules\\mssql\\lib\\base\\request.js:129:13)\n    at C:\\Users\\ralme\\OneDrive\\Área de Trabalho\\rebuildapr\\projetoAPR\\server\\index.js:1216:16\n    at process.processTicksAndRejections (node:internal/process/task_queues:103:5)"
}
---
{
  "timestamp": "2026-04-10T04:24:11.960Z",
  "message": "The parameter name observaResp has already been declared. Parameter names must be unique",
  "id": "3",
  "studyNumber": "2026000301",
  "status": "Em Execução",
  "numericStatus": 205,
  "stack": "RequestError: The parameter name observaResp has already been declared. Parameter names must be unique\n    at Request.input (C:\\Users\\ralme\\OneDrive\\Área de Trabalho\\rebuildapr\\projetoAPR\\server\\node_modules\\mssql\\lib\\base\\request.js:129:13)\n    at C:\\Users\\ralme\\OneDrive\\Área de Trabalho\\rebuildapr\\projetoAPR\\server\\index.js:1216:16\n    at process.processTicksAndRejections (node:internal/process/task_queues:103:5)"
}
---
{
  "timestamp": "2026-04-10T04:24:21.949Z",
  "message": "The parameter name observaResp has already been declared. Parameter names must be unique",
  "id": "3",
  "studyNumber": "2026000301",
  "status": "Em Execução",
  "numericStatus": 205,
  "stack": "RequestError: The parameter name observaResp has already been declared. Parameter names must be unique\n    at Request.input (C:\\Users\\ralme\\OneDrive\\Área de Trabalho\\rebuildapr\\projetoAPR\\server\\node_modules\\mssql\\lib\\base\\request.js:129:13)\n    at C:\\Users\\ralme\\OneDrive\\Área de Trabalho\\rebuildapr\\projetoAPR\\server\\index.js:1216:16\n    at process.processTicksAndRejections (node:internal/process/task_queues:103:5)"
}
---
{
  "timestamp": "2026-04-10T04:25:15.873Z",
  "message": "The parameter name observaResp has already been declared. Parameter names must be unique",
  "id": "3",
  "studyNumber": "2026000301",
  "status": "Em Execução",
  "numericStatus": 205,
  "stack": "RequestError: The parameter name observaResp has already been declared. Parameter names must be unique\n    at Request.input (C:\\Users\\ralme\\OneDrive\\Área de Trabalho\\rebuildapr\\projetoAPR\\server\\node_modules\\mssql\\lib\\base\\request.js:129:13)\n    at C:\\Users\\ralme\\OneDrive\\Área de Trabalho\\rebuildapr\\projetoAPR\\server\\index.js:1216:16\n    at process.processTicksAndRejections (node:internal/process/task_queues:103:5)"
}
---
{
  "timestamp": "2026-04-10T04:29:11.931Z",
  "message": "Cannot insert the value NULL into column 'OID', table 'ProjetoAPR.dbo.I_ESTPLA'; column does not allow nulls. INSERT fails.",
  "id": "3",
  "studyNumber": "2026000301",
  "status": "Em Execução",
  "numericStatus": 205,
  "stack": "RequestError: Cannot insert the value NULL into column 'OID', table 'ProjetoAPR.dbo.I_ESTPLA'; column does not allow nulls. INSERT fails.\n    at handleError (C:\\Users\\ralme\\OneDrive\\Área de Trabalho\\rebuildapr\\projetoAPR\\server\\node_modules\\mssql\\lib\\tedious\\request.js:384:15)\n    at Connection.emit (node:events:508:28)\n    at Connection.emit (C:\\Users\\ralme\\OneDrive\\Área de Trabalho\\rebuildapr\\projetoAPR\\server\\node_modules\\tedious\\lib\\connection.js:970:18)\n    at RequestTokenHandler.onErrorMessage (C:\\Users\\ralme\\OneDrive\\Área de Trabalho\\rebuildapr\\projetoAPR\\server\\node_modules\\tedious\\lib\\token\\handler.js:284:21)"
}
---
{
  "timestamp": "2026-04-10T04:29:21.888Z",
  "message": "Cannot insert the value NULL into column 'OID', table 'ProjetoAPR.dbo.I_ESTPLA'; column does not allow nulls. INSERT fails.",
  "id": "3",
  "studyNumber": "2026000301",
  "status": "Em Execução",
  "numericStatus": 205,
  "stack": "RequestError: Cannot insert the value NULL into column 'OID', table 'ProjetoAPR.dbo.I_ESTPLA'; column does not allow nulls. INSERT fails.\n    at handleError (C:\\Users\\ralme\\OneDrive\\Área de Trabalho\\rebuildapr\\projetoAPR\\server\\node_modules\\mssql\\lib\\tedious\\request.js:384:15)\n    at Connection.emit (node:events:508:28)\n    at Connection.emit (C:\\Users\\ralme\\OneDrive\\Área de Trabalho\\rebuildapr\\projetoAPR\\server\\node_modules\\tedious\\lib\\connection.js:970:18)\n    at RequestTokenHandler.onErrorMessage (C:\\Users\\ralme\\OneDrive\\Área de Trabalho\\rebuildapr\\projetoAPR\\server\\node_modules\\tedious\\lib\\token\\handler.js:284:21)"
}
---
{
  "timestamp": "2026-04-10T04:29:31.876Z",
  "message": "Cannot insert the value NULL into column 'OID', table 'ProjetoAPR.dbo.I_ESTPLA'; column does not allow nulls. INSERT fails.",
  "id": "3",
  "studyNumber": "2026000301",
  "status": "Em Execução",
  "numericStatus": 205,
  "stack": "RequestError: Cannot insert the value NULL into column 'OID', table 'ProjetoAPR.dbo.I_ESTPLA'; column does not allow nulls. INSERT fails.\n    at handleError (C:\\Users\\ralme\\OneDrive\\Área de Trabalho\\rebuildapr\\projetoAPR\\server\\node_modules\\mssql\\lib\\tedious\\request.js:384:15)\n    at Connection.emit (node:events:508:28)\n    at Connection.emit (C:\\Users\\ralme\\OneDrive\\Área de Trabalho\\rebuildapr\\projetoAPR\\server\\node_modules\\tedious\\lib\\connection.js:970:18)\n    at RequestTokenHandler.onErrorMessage (C:\\Users\\ralme\\OneDrive\\Área de Trabalho\\rebuildapr\\projetoAPR\\server\\node_modules\\tedious\\lib\\token\\handler.js:284:21)"
}
---
{
  "timestamp": "2026-04-10T04:29:41.851Z",
  "message": "Cannot insert the value NULL into column 'OID', table 'ProjetoAPR.dbo.I_ESTPLA'; column does not allow nulls. INSERT fails.",
  "id": "3",
  "studyNumber": "2026000301",
  "status": "Em Execução",
  "numericStatus": 205,
  "stack": "RequestError: Cannot insert the value NULL into column 'OID', table 'ProjetoAPR.dbo.I_ESTPLA'; column does not allow nulls. INSERT fails.\n    at handleError (C:\\Users\\ralme\\OneDrive\\Área de Trabalho\\rebuildapr\\projetoAPR\\server\\node_modules\\mssql\\lib\\tedious\\request.js:384:15)\n    at Connection.emit (node:events:508:28)\n    at Connection.emit (C:\\Users\\ralme\\OneDrive\\Área de Trabalho\\rebuildapr\\projetoAPR\\server\\node_modules\\tedious\\lib\\connection.js:970:18)\n    at RequestTokenHandler.onErrorMessage (C:\\Users\\ralme\\OneDrive\\Área de Trabalho\\rebuildapr\\projetoAPR\\server\\node_modules\\tedious\\lib\\token\\handler.js:284:21)"
}
---
{
  "timestamp": "2026-04-10T04:29:51.847Z",
  "message": "Cannot insert the value NULL into column 'OID', table 'ProjetoAPR.dbo.I_ESTPLA'; column does not allow nulls. INSERT fails.",
  "id": "3",
  "studyNumber": "2026000301",
  "status": "Em Execução",
  "numericStatus": 205,
  "stack": "RequestError: Cannot insert the value NULL into column 'OID', table 'ProjetoAPR.dbo.I_ESTPLA'; column does not allow nulls. INSERT fails.\n    at handleError (C:\\Users\\ralme\\OneDrive\\Área de Trabalho\\rebuildapr\\projetoAPR\\server\\node_modules\\mssql\\lib\\tedious\\request.js:384:15)\n    at Connection.emit (node:events:508:28)\n    at Connection.emit (C:\\Users\\ralme\\OneDrive\\Área de Trabalho\\rebuildapr\\projetoAPR\\server\\node_modules\\tedious\\lib\\connection.js:970:18)\n    at RequestTokenHandler.onErrorMessage (C:\\Users\\ralme\\OneDrive\\Área de Trabalho\\rebuildapr\\projetoAPR\\server\\node_modules\\tedious\\lib\\token\\handler.js:284:21)"
}
---
{
  "timestamp": "2026-04-10T04:29:53.371Z",
  "message": "Cannot insert the value NULL into column 'OID', table 'ProjetoAPR.dbo.I_ESTPLA'; column does not allow nulls. INSERT fails.",
  "id": "3",
  "studyNumber": "2026000301",
  "status": "Em Execução",
  "numericStatus": 205,
  "stack": "RequestError: Cannot insert the value NULL into column 'OID', table 'ProjetoAPR.dbo.I_ESTPLA'; column does not allow nulls. INSERT fails.\n    at handleError (C:\\Users\\ralme\\OneDrive\\Área de Trabalho\\rebuildapr\\projetoAPR\\server\\node_modules\\mssql\\lib\\tedious\\request.js:384:15)\n    at Connection.emit (node:events:508:28)\n    at Connection.emit (C:\\Users\\ralme\\OneDrive\\Área de Trabalho\\rebuildapr\\projetoAPR\\server\\node_modules\\tedious\\lib\\connection.js:970:18)\n    at RequestTokenHandler.onErrorMessage (C:\\Users\\ralme\\OneDrive\\Área de Trabalho\\rebuildapr\\projetoAPR\\server\\node_modules\\tedious\\lib\\token\\handler.js:284:21)"
}
---
{
  "timestamp": "2026-04-10T04:30:02.090Z",
  "message": "Cannot insert the value NULL into column 'OID', table 'ProjetoAPR.dbo.I_ESTPLA'; column does not allow nulls. INSERT fails.",
  "id": "3",
  "studyNumber": "2026000301",
  "status": "Em Execução",
  "numericStatus": 205,
  "stack": "RequestError: Cannot insert the value NULL into column 'OID', table 'ProjetoAPR.dbo.I_ESTPLA'; column does not allow nulls. INSERT fails.\n    at handleError (C:\\Users\\ralme\\OneDrive\\Área de Trabalho\\rebuildapr\\projetoAPR\\server\\node_modules\\mssql\\lib\\tedious\\request.js:384:15)\n    at Connection.emit (node:events:508:28)\n    at Connection.emit (C:\\Users\\ralme\\OneDrive\\Área de Trabalho\\rebuildapr\\projetoAPR\\server\\node_modules\\tedious\\lib\\connection.js:970:18)\n    at RequestTokenHandler.onErrorMessage (C:\\Users\\ralme\\OneDrive\\Área de Trabalho\\rebuildapr\\projetoAPR\\server\\node_modules\\tedious\\lib\\token\\handler.js:284:21)"
}
---
{
  "timestamp": "2026-04-10T04:30:11.920Z",
  "message": "Cannot insert the value NULL into column 'OID', table 'ProjetoAPR.dbo.I_ESTPLA'; column does not allow nulls. INSERT fails.",
  "id": "3",
  "studyNumber": "2026000301",
  "status": "Em Execução",
  "numericStatus": 205,
  "stack": "RequestError: Cannot insert the value NULL into column 'OID', table 'ProjetoAPR.dbo.I_ESTPLA'; column does not allow nulls. INSERT fails.\n    at handleError (C:\\Users\\ralme\\OneDrive\\Área de Trabalho\\rebuildapr\\projetoAPR\\server\\node_modules\\mssql\\lib\\tedious\\request.js:384:15)\n    at Connection.emit (node:events:508:28)\n    at Connection.emit (C:\\Users\\ralme\\OneDrive\\Área de Trabalho\\rebuildapr\\projetoAPR\\server\\node_modules\\tedious\\lib\\connection.js:970:18)\n    at RequestTokenHandler.onErrorMessage (C:\\Users\\ralme\\OneDrive\\Área de Trabalho\\rebuildapr\\projetoAPR\\server\\node_modules\\tedious\\lib\\token\\handler.js:284:21)"
}
---
{
  "timestamp": "2026-04-10T04:30:21.948Z",
  "message": "Cannot insert the value NULL into column 'OID', table 'ProjetoAPR.dbo.I_ESTPLA'; column does not allow nulls. INSERT fails.",
  "id": "3",
  "studyNumber": "2026000301",
  "status": "Em Execução",
  "numericStatus": 205,
  "stack": "RequestError: Cannot insert the value NULL into column 'OID', table 'ProjetoAPR.dbo.I_ESTPLA'; column does not allow nulls. INSERT fails.\n    at handleError (C:\\Users\\ralme\\OneDrive\\Área de Trabalho\\rebuildapr\\projetoAPR\\server\\node_modules\\mssql\\lib\\tedious\\request.js:384:15)\n    at Connection.emit (node:events:508:28)\n    at Connection.emit (C:\\Users\\ralme\\OneDrive\\Área de Trabalho\\rebuildapr\\projetoAPR\\server\\node_modules\\tedious\\lib\\connection.js:970:18)\n    at RequestTokenHandler.onErrorMessage (C:\\Users\\ralme\\OneDrive\\Área de Trabalho\\rebuildapr\\projetoAPR\\server\\node_modules\\tedious\\lib\\token\\handler.js:284:21)"
}
---
{
  "timestamp": "2026-04-10T04:30:31.845Z",
  "message": "Cannot insert the value NULL into column 'OID', table 'ProjetoAPR.dbo.I_ESTPLA'; column does not allow nulls. INSERT fails.",
  "id": "3",
  "studyNumber": "2026000301",
  "status": "Em Execução",
  "numericStatus": 205,
  "stack": "RequestError: Cannot insert the value NULL into column 'OID', table 'ProjetoAPR.dbo.I_ESTPLA'; column does not allow nulls. INSERT fails.\n    at handleError (C:\\Users\\ralme\\OneDrive\\Área de Trabalho\\rebuildapr\\projetoAPR\\server\\node_modules\\mssql\\lib\\tedious\\request.js:384:15)\n    at Connection.emit (node:events:508:28)\n    at Connection.emit (C:\\Users\\ralme\\OneDrive\\Área de Trabalho\\rebuildapr\\projetoAPR\\server\\node_modules\\tedious\\lib\\connection.js:970:18)\n    at RequestTokenHandler.onErrorMessage (C:\\Users\\ralme\\OneDrive\\Área de Trabalho\\rebuildapr\\projetoAPR\\server\\node_modules\\tedious\\lib\\token\\handler.js:284:21)"
}
---
{
  "timestamp": "2026-04-10T04:30:41.874Z",
  "message": "Cannot insert the value NULL into column 'OID', table 'ProjetoAPR.dbo.I_ESTPLA'; column does not allow nulls. INSERT fails.",
  "id": "3",
  "studyNumber": "2026000301",
  "status": "Em Execução",
  "numericStatus": 205,
  "stack": "RequestError: Cannot insert the value NULL into column 'OID', table 'ProjetoAPR.dbo.I_ESTPLA'; column does not allow nulls. INSERT fails.\n    at handleError (C:\\Users\\ralme\\OneDrive\\Área de Trabalho\\rebuildapr\\projetoAPR\\server\\node_modules\\mssql\\lib\\tedious\\request.js:384:15)\n    at Connection.emit (node:events:508:28)\n    at Connection.emit (C:\\Users\\ralme\\OneDrive\\Área de Trabalho\\rebuildapr\\projetoAPR\\server\\node_modules\\tedious\\lib\\connection.js:970:18)\n    at RequestTokenHandler.onErrorMessage (C:\\Users\\ralme\\OneDrive\\Área de Trabalho\\rebuildapr\\projetoAPR\\server\\node_modules\\tedious\\lib\\token\\handler.js:284:21)"
}
---
{
  "timestamp": "2026-04-10T04:30:45.644Z",
  "message": "Cannot insert the value NULL into column 'OID', table 'ProjetoAPR.dbo.I_ESTPLA'; column does not allow nulls. INSERT fails.",
  "id": "3",
  "studyNumber": "2026000301",
  "status": "Em Execução",
  "numericStatus": 205,
  "stack": "RequestError: Cannot insert the value NULL into column 'OID', table 'ProjetoAPR.dbo.I_ESTPLA'; column does not allow nulls. INSERT fails.\n    at handleError (C:\\Users\\ralme\\OneDrive\\Área de Trabalho\\rebuildapr\\projetoAPR\\server\\node_modules\\mssql\\lib\\tedious\\request.js:384:15)\n    at Connection.emit (node:events:508:28)\n    at Connection.emit (C:\\Users\\ralme\\OneDrive\\Área de Trabalho\\rebuildapr\\projetoAPR\\server\\node_modules\\tedious\\lib\\connection.js:970:18)\n    at RequestTokenHandler.onErrorMessage (C:\\Users\\ralme\\OneDrive\\Área de Trabalho\\rebuildapr\\projetoAPR\\server\\node_modules\\tedious\\lib\\token\\handler.js:284:21)"
}
---
{
  "timestamp": "2026-04-10T04:30:47.936Z",
  "message": "Cannot insert the value NULL into column 'OID', table 'ProjetoAPR.dbo.I_ESTPLA'; column does not allow nulls. INSERT fails.",
  "id": "3",
  "studyNumber": "2026000301",
  "status": "Em Execução",
  "numericStatus": 205,
  "stack": "RequestError: Cannot insert the value NULL into column 'OID', table 'ProjetoAPR.dbo.I_ESTPLA'; column does not allow nulls. INSERT fails.\n    at handleError (C:\\Users\\ralme\\OneDrive\\Área de Trabalho\\rebuildapr\\projetoAPR\\server\\node_modules\\mssql\\lib\\tedious\\request.js:384:15)\n    at Connection.emit (node:events:508:28)\n    at Connection.emit (C:\\Users\\ralme\\OneDrive\\Área de Trabalho\\rebuildapr\\projetoAPR\\server\\node_modules\\tedious\\lib\\connection.js:970:18)\n    at RequestTokenHandler.onErrorMessage (C:\\Users\\ralme\\OneDrive\\Área de Trabalho\\rebuildapr\\projetoAPR\\server\\node_modules\\tedious\\lib\\token\\handler.js:284:21)"
}
---
{
  "timestamp": "2026-04-10T04:30:51.849Z",
  "message": "Cannot insert the value NULL into column 'OID', table 'ProjetoAPR.dbo.I_ESTPLA'; column does not allow nulls. INSERT fails.",
  "id": "3",
  "studyNumber": "2026000301",
  "status": "Em Execução",
  "numericStatus": 205,
  "stack": "RequestError: Cannot insert the value NULL into column 'OID', table 'ProjetoAPR.dbo.I_ESTPLA'; column does not allow nulls. INSERT fails.\n    at handleError (C:\\Users\\ralme\\OneDrive\\Área de Trabalho\\rebuildapr\\projetoAPR\\server\\node_modules\\mssql\\lib\\tedious\\request.js:384:15)\n    at Connection.emit (node:events:508:28)\n    at Connection.emit (C:\\Users\\ralme\\OneDrive\\Área de Trabalho\\rebuildapr\\projetoAPR\\server\\node_modules\\tedious\\lib\\connection.js:970:18)\n    at RequestTokenHandler.onErrorMessage (C:\\Users\\ralme\\OneDrive\\Área de Trabalho\\rebuildapr\\projetoAPR\\server\\node_modules\\tedious\\lib\\token\\handler.js:284:21)"
}
---
{
  "timestamp": "2026-04-10T04:31:01.886Z",
  "message": "Cannot insert the value NULL into column 'OID', table 'ProjetoAPR.dbo.I_ESTPLA'; column does not allow nulls. INSERT fails.",
  "id": "3",
  "studyNumber": "2026000301",
  "status": "Em Execução",
  "numericStatus": 205,
  "stack": "RequestError: Cannot insert the value NULL into column 'OID', table 'ProjetoAPR.dbo.I_ESTPLA'; column does not allow nulls. INSERT fails.\n    at handleError (C:\\Users\\ralme\\OneDrive\\Área de Trabalho\\rebuildapr\\projetoAPR\\server\\node_modules\\mssql\\lib\\tedious\\request.js:384:15)\n    at Connection.emit (node:events:508:28)\n    at Connection.emit (C:\\Users\\ralme\\OneDrive\\Área de Trabalho\\rebuildapr\\projetoAPR\\server\\node_modules\\tedious\\lib\\connection.js:970:18)\n    at RequestTokenHandler.onErrorMessage (C:\\Users\\ralme\\OneDrive\\Área de Trabalho\\rebuildapr\\projetoAPR\\server\\node_modules\\tedious\\lib\\token\\handler.js:284:21)"
}
---
{
  "timestamp": "2026-04-10T04:31:11.872Z",
  "message": "Cannot insert the value NULL into column 'OID', table 'ProjetoAPR.dbo.I_ESTPLA'; column does not allow nulls. INSERT fails.",
  "id": "3",
  "studyNumber": "2026000301",
  "status": "Em Execução",
  "numericStatus": 205,
  "stack": "RequestError: Cannot insert the value NULL into column 'OID', table 'ProjetoAPR.dbo.I_ESTPLA'; column does not allow nulls. INSERT fails.\n    at handleError (C:\\Users\\ralme\\OneDrive\\Área de Trabalho\\rebuildapr\\projetoAPR\\server\\node_modules\\mssql\\lib\\tedious\\request.js:384:15)\n    at Connection.emit (node:events:508:28)\n    at Connection.emit (C:\\Users\\ralme\\OneDrive\\Área de Trabalho\\rebuildapr\\projetoAPR\\server\\node_modules\\tedious\\lib\\connection.js:970:18)\n    at RequestTokenHandler.onErrorMessage (C:\\Users\\ralme\\OneDrive\\Área de Trabalho\\rebuildapr\\projetoAPR\\server\\node_modules\\tedious\\lib\\token\\handler.js:284:21)"
}
---
{
  "timestamp": "2026-04-10T04:31:19.486Z",
  "message": "Cannot insert the value NULL into column 'OID', table 'ProjetoAPR.dbo.I_ESTPLA'; column does not allow nulls. INSERT fails.",
  "id": "3",
  "studyNumber": "2026000301",
  "status": "Em Execução",
  "numericStatus": 205,
  "stack": "RequestError: Cannot insert the value NULL into column 'OID', table 'ProjetoAPR.dbo.I_ESTPLA'; column does not allow nulls. INSERT fails.\n    at handleError (C:\\Users\\ralme\\OneDrive\\Área de Trabalho\\rebuildapr\\projetoAPR\\server\\node_modules\\mssql\\lib\\tedious\\request.js:384:15)\n    at Connection.emit (node:events:508:28)\n    at Connection.emit (C:\\Users\\ralme\\OneDrive\\Área de Trabalho\\rebuildapr\\projetoAPR\\server\\node_modules\\tedious\\lib\\connection.js:970:18)\n    at RequestTokenHandler.onErrorMessage (C:\\Users\\ralme\\OneDrive\\Área de Trabalho\\rebuildapr\\projetoAPR\\server\\node_modules\\tedious\\lib\\token\\handler.js:284:21)"
}
---
{
  "timestamp": "2026-04-10T04:31:22.046Z",
  "message": "Cannot insert the value NULL into column 'OID', table 'ProjetoAPR.dbo.I_ESTPLA'; column does not allow nulls. INSERT fails.",
  "id": "3",
  "studyNumber": "2026000301",
  "status": "Em Execução",
  "numericStatus": 205,
  "stack": "RequestError: Cannot insert the value NULL into column 'OID', table 'ProjetoAPR.dbo.I_ESTPLA'; column does not allow nulls. INSERT fails.\n    at handleError (C:\\Users\\ralme\\OneDrive\\Área de Trabalho\\rebuildapr\\projetoAPR\\server\\node_modules\\mssql\\lib\\tedious\\request.js:384:15)\n    at Connection.emit (node:events:508:28)\n    at Connection.emit (C:\\Users\\ralme\\OneDrive\\Área de Trabalho\\rebuildapr\\projetoAPR\\server\\node_modules\\tedious\\lib\\connection.js:970:18)\n    at RequestTokenHandler.onErrorMessage (C:\\Users\\ralme\\OneDrive\\Área de Trabalho\\rebuildapr\\projetoAPR\\server\\node_modules\\tedious\\lib\\token\\handler.js:284:21)"
}
---
{
  "timestamp": "2026-04-10T04:31:25.797Z",
  "message": "Cannot insert the value NULL into column 'OID', table 'ProjetoAPR.dbo.I_ESTPLA'; column does not allow nulls. INSERT fails.",
  "id": "3",
  "studyNumber": "2026000301",
  "status": "Em Execução",
  "numericStatus": 205,
  "stack": "RequestError: Cannot insert the value NULL into column 'OID', table 'ProjetoAPR.dbo.I_ESTPLA'; column does not allow nulls. INSERT fails.\n    at handleError (C:\\Users\\ralme\\OneDrive\\Área de Trabalho\\rebuildapr\\projetoAPR\\server\\node_modules\\mssql\\lib\\tedious\\request.js:384:15)\n    at Connection.emit (node:events:508:28)\n    at Connection.emit (C:\\Users\\ralme\\OneDrive\\Área de Trabalho\\rebuildapr\\projetoAPR\\server\\node_modules\\tedious\\lib\\connection.js:970:18)\n    at RequestTokenHandler.onErrorMessage (C:\\Users\\ralme\\OneDrive\\Área de Trabalho\\rebuildapr\\projetoAPR\\server\\node_modules\\tedious\\lib\\token\\handler.js:284:21)"
}
---
{
  "timestamp": "2026-04-10T04:31:28.595Z",
  "message": "Cannot insert the value NULL into column 'OID', table 'ProjetoAPR.dbo.I_ESTPLA'; column does not allow nulls. INSERT fails.",
  "id": "3",
  "studyNumber": "2026000301",
  "status": "Em Execução",
  "numericStatus": 205,
  "stack": "RequestError: Cannot insert the value NULL into column 'OID', table 'ProjetoAPR.dbo.I_ESTPLA'; column does not allow nulls. INSERT fails.\n    at handleError (C:\\Users\\ralme\\OneDrive\\Área de Trabalho\\rebuildapr\\projetoAPR\\server\\node_modules\\mssql\\lib\\tedious\\request.js:384:15)\n    at Connection.emit (node:events:508:28)\n    at Connection.emit (C:\\Users\\ralme\\OneDrive\\Área de Trabalho\\rebuildapr\\projetoAPR\\server\\node_modules\\tedious\\lib\\connection.js:970:18)\n    at RequestTokenHandler.onErrorMessage (C:\\Users\\ralme\\OneDrive\\Área de Trabalho\\rebuildapr\\projetoAPR\\server\\node_modules\\tedious\\lib\\token\\handler.js:284:21)"
}
---
{
  "timestamp": "2026-04-10T04:31:31.971Z",
  "message": "Cannot insert the value NULL into column 'OID', table 'ProjetoAPR.dbo.I_ESTPLA'; column does not allow nulls. INSERT fails.",
  "id": "3",
  "studyNumber": "2026000301",
  "status": "Em Execução",
  "numericStatus": 205,
  "stack": "RequestError: Cannot insert the value NULL into column 'OID', table 'ProjetoAPR.dbo.I_ESTPLA'; column does not allow nulls. INSERT fails.\n    at handleError (C:\\Users\\ralme\\OneDrive\\Área de Trabalho\\rebuildapr\\projetoAPR\\server\\node_modules\\mssql\\lib\\tedious\\request.js:384:15)\n    at Connection.emit (node:events:508:28)\n    at Connection.emit (C:\\Users\\ralme\\OneDrive\\Área de Trabalho\\rebuildapr\\projetoAPR\\server\\node_modules\\tedious\\lib\\connection.js:970:18)\n    at RequestTokenHandler.onErrorMessage (C:\\Users\\ralme\\OneDrive\\Área de Trabalho\\rebuildapr\\projetoAPR\\server\\node_modules\\tedious\\lib\\token\\handler.js:284:21)"
}
---
{
  "timestamp": "2026-04-10T04:31:41.852Z",
  "message": "Cannot insert the value NULL into column 'OID', table 'ProjetoAPR.dbo.I_ESTPLA'; column does not allow nulls. INSERT fails.",
  "id": "3",
  "studyNumber": "2026000301",
  "status": "Em Execução",
  "numericStatus": 205,
  "stack": "RequestError: Cannot insert the value NULL into column 'OID', table 'ProjetoAPR.dbo.I_ESTPLA'; column does not allow nulls. INSERT fails.\n    at handleError (C:\\Users\\ralme\\OneDrive\\Área de Trabalho\\rebuildapr\\projetoAPR\\server\\node_modules\\mssql\\lib\\tedious\\request.js:384:15)\n    at Connection.emit (node:events:508:28)\n    at Connection.emit (C:\\Users\\ralme\\OneDrive\\Área de Trabalho\\rebuildapr\\projetoAPR\\server\\node_modules\\tedious\\lib\\connection.js:970:18)\n    at RequestTokenHandler.onErrorMessage (C:\\Users\\ralme\\OneDrive\\Área de Trabalho\\rebuildapr\\projetoAPR\\server\\node_modules\\tedious\\lib\\token\\handler.js:284:21)"
}
---
{
  "timestamp": "2026-04-10T04:31:51.880Z",
  "message": "Cannot insert the value NULL into column 'OID', table 'ProjetoAPR.dbo.I_ESTPLA'; column does not allow nulls. INSERT fails.",
  "id": "3",
  "studyNumber": "2026000301",
  "status": "Em Execução",
  "numericStatus": 205,
  "stack": "RequestError: Cannot insert the value NULL into column 'OID', table 'ProjetoAPR.dbo.I_ESTPLA'; column does not allow nulls. INSERT fails.\n    at handleError (C:\\Users\\ralme\\OneDrive\\Área de Trabalho\\rebuildapr\\projetoAPR\\server\\node_modules\\mssql\\lib\\tedious\\request.js:384:15)\n    at Connection.emit (node:events:508:28)\n    at Connection.emit (C:\\Users\\ralme\\OneDrive\\Área de Trabalho\\rebuildapr\\projetoAPR\\server\\node_modules\\tedious\\lib\\connection.js:970:18)\n    at RequestTokenHandler.onErrorMessage (C:\\Users\\ralme\\OneDrive\\Área de Trabalho\\rebuildapr\\projetoAPR\\server\\node_modules\\tedious\\lib\\token\\handler.js:284:21)"
}
---
{
  "timestamp": "2026-04-10T04:32:01.845Z",
  "message": "Cannot insert the value NULL into column 'OID', table 'ProjetoAPR.dbo.I_ESTPLA'; column does not allow nulls. INSERT fails.",
  "id": "3",
  "studyNumber": "2026000301",
  "status": "Em Execução",
  "numericStatus": 205,
  "stack": "RequestError: Cannot insert the value NULL into column 'OID', table 'ProjetoAPR.dbo.I_ESTPLA'; column does not allow nulls. INSERT fails.\n    at handleError (C:\\Users\\ralme\\OneDrive\\Área de Trabalho\\rebuildapr\\projetoAPR\\server\\node_modules\\mssql\\lib\\tedious\\request.js:384:15)\n    at Connection.emit (node:events:508:28)\n    at Connection.emit (C:\\Users\\ralme\\OneDrive\\Área de Trabalho\\rebuildapr\\projetoAPR\\server\\node_modules\\tedious\\lib\\connection.js:970:18)\n    at RequestTokenHandler.onErrorMessage (C:\\Users\\ralme\\OneDrive\\Área de Trabalho\\rebuildapr\\projetoAPR\\server\\node_modules\\tedious\\lib\\token\\handler.js:284:21)"
}
---
{
  "timestamp": "2026-04-10T04:32:11.875Z",
  "message": "Cannot insert the value NULL into column 'OID', table 'ProjetoAPR.dbo.I_ESTPLA'; column does not allow nulls. INSERT fails.",
  "id": "3",
  "studyNumber": "2026000301",
  "status": "Em Execução",
  "numericStatus": 205,
  "stack": "RequestError: Cannot insert the value NULL into column 'OID', table 'ProjetoAPR.dbo.I_ESTPLA'; column does not allow nulls. INSERT fails.\n    at handleError (C:\\Users\\ralme\\OneDrive\\Área de Trabalho\\rebuildapr\\projetoAPR\\server\\node_modules\\mssql\\lib\\tedious\\request.js:384:15)\n    at Connection.emit (node:events:508:28)\n    at Connection.emit (C:\\Users\\ralme\\OneDrive\\Área de Trabalho\\rebuildapr\\projetoAPR\\server\\node_modules\\tedious\\lib\\connection.js:970:18)\n    at RequestTokenHandler.onErrorMessage (C:\\Users\\ralme\\OneDrive\\Área de Trabalho\\rebuildapr\\projetoAPR\\server\\node_modules\\tedious\\lib\\token\\handler.js:284:21)"
}
---
{
  "timestamp": "2026-04-10T04:32:21.850Z",
  "message": "Cannot insert the value NULL into column 'OID', table 'ProjetoAPR.dbo.I_ESTPLA'; column does not allow nulls. INSERT fails.",
  "id": "3",
  "studyNumber": "2026000301",
  "status": "Em Execução",
  "numericStatus": 205,
  "stack": "RequestError: Cannot insert the value NULL into column 'OID', table 'ProjetoAPR.dbo.I_ESTPLA'; column does not allow nulls. INSERT fails.\n    at handleError (C:\\Users\\ralme\\OneDrive\\Área de Trabalho\\rebuildapr\\projetoAPR\\server\\node_modules\\mssql\\lib\\tedious\\request.js:384:15)\n    at Connection.emit (node:events:508:28)\n    at Connection.emit (C:\\Users\\ralme\\OneDrive\\Área de Trabalho\\rebuildapr\\projetoAPR\\server\\node_modules\\tedious\\lib\\connection.js:970:18)\n    at RequestTokenHandler.onErrorMessage (C:\\Users\\ralme\\OneDrive\\Área de Trabalho\\rebuildapr\\projetoAPR\\server\\node_modules\\tedious\\lib\\token\\handler.js:284:21)"
}
---
{
  "timestamp": "2026-04-10T04:32:31.879Z",
  "message": "Cannot insert the value NULL into column 'OID', table 'ProjetoAPR.dbo.I_ESTPLA'; column does not allow nulls. INSERT fails.",
  "id": "3",
  "studyNumber": "2026000301",
  "status": "Em Execução",
  "numericStatus": 205,
  "stack": "RequestError: Cannot insert the value NULL into column 'OID', table 'ProjetoAPR.dbo.I_ESTPLA'; column does not allow nulls. INSERT fails.\n    at handleError (C:\\Users\\ralme\\OneDrive\\Área de Trabalho\\rebuildapr\\projetoAPR\\server\\node_modules\\mssql\\lib\\tedious\\request.js:384:15)\n    at Connection.emit (node:events:508:28)\n    at Connection.emit (C:\\Users\\ralme\\OneDrive\\Área de Trabalho\\rebuildapr\\projetoAPR\\server\\node_modules\\tedious\\lib\\connection.js:970:18)\n    at RequestTokenHandler.onErrorMessage (C:\\Users\\ralme\\OneDrive\\Área de Trabalho\\rebuildapr\\projetoAPR\\server\\node_modules\\tedious\\lib\\token\\handler.js:284:21)"
}
---
{
  "timestamp": "2026-04-10T04:32:41.883Z",
  "message": "Cannot insert the value NULL into column 'OID', table 'ProjetoAPR.dbo.I_ESTPLA'; column does not allow nulls. INSERT fails.",
  "id": "3",
  "studyNumber": "2026000301",
  "status": "Em Execução",
  "numericStatus": 205,
  "stack": "RequestError: Cannot insert the value NULL into column 'OID', table 'ProjetoAPR.dbo.I_ESTPLA'; column does not allow nulls. INSERT fails.\n    at handleError (C:\\Users\\ralme\\OneDrive\\Área de Trabalho\\rebuildapr\\projetoAPR\\server\\node_modules\\mssql\\lib\\tedious\\request.js:384:15)\n    at Connection.emit (node:events:508:28)\n    at Connection.emit (C:\\Users\\ralme\\OneDrive\\Área de Trabalho\\rebuildapr\\projetoAPR\\server\\node_modules\\tedious\\lib\\connection.js:970:18)\n    at RequestTokenHandler.onErrorMessage (C:\\Users\\ralme\\OneDrive\\Área de Trabalho\\rebuildapr\\projetoAPR\\server\\node_modules\\tedious\\lib\\token\\handler.js:284:21)"
}
---
{
  "timestamp": "2026-04-10T04:32:51.876Z",
  "message": "Cannot insert the value NULL into column 'OID', table 'ProjetoAPR.dbo.I_ESTPLA'; column does not allow nulls. INSERT fails.",
  "id": "3",
  "studyNumber": "2026000301",
  "status": "Em Execução",
  "numericStatus": 205,
  "stack": "RequestError: Cannot insert the value NULL into column 'OID', table 'ProjetoAPR.dbo.I_ESTPLA'; column does not allow nulls. INSERT fails.\n    at handleError (C:\\Users\\ralme\\OneDrive\\Área de Trabalho\\rebuildapr\\projetoAPR\\server\\node_modules\\mssql\\lib\\tedious\\request.js:384:15)\n    at Connection.emit (node:events:508:28)\n    at Connection.emit (C:\\Users\\ralme\\OneDrive\\Área de Trabalho\\rebuildapr\\projetoAPR\\server\\node_modules\\tedious\\lib\\connection.js:970:18)\n    at RequestTokenHandler.onErrorMessage (C:\\Users\\ralme\\OneDrive\\Área de Trabalho\\rebuildapr\\projetoAPR\\server\\node_modules\\tedious\\lib\\token\\handler.js:284:21)"
}
---
{
  "timestamp": "2026-04-10T04:33:01.968Z",
  "message": "Cannot insert the value NULL into column 'OID', table 'ProjetoAPR.dbo.I_ESTPLA'; column does not allow nulls. INSERT fails.",
  "id": "3",
  "studyNumber": "2026000301",
  "status": "Em Execução",
  "numericStatus": 205,
  "stack": "RequestError: Cannot insert the value NULL into column 'OID', table 'ProjetoAPR.dbo.I_ESTPLA'; column does not allow nulls. INSERT fails.\n    at handleError (C:\\Users\\ralme\\OneDrive\\Área de Trabalho\\rebuildapr\\projetoAPR\\server\\node_modules\\mssql\\lib\\tedious\\request.js:384:15)\n    at Connection.emit (node:events:508:28)\n    at Connection.emit (C:\\Users\\ralme\\OneDrive\\Área de Trabalho\\rebuildapr\\projetoAPR\\server\\node_modules\\tedious\\lib\\connection.js:970:18)\n    at RequestTokenHandler.onErrorMessage (C:\\Users\\ralme\\OneDrive\\Área de Trabalho\\rebuildapr\\projetoAPR\\server\\node_modules\\tedious\\lib\\token\\handler.js:284:21)"
}
---
{
  "timestamp": "2026-04-10T04:33:11.841Z",
  "message": "Cannot insert the value NULL into column 'OID', table 'ProjetoAPR.dbo.I_ESTPLA'; column does not allow nulls. INSERT fails.",
  "id": "3",
  "studyNumber": "2026000301",
  "status": "Em Execução",
  "numericStatus": 205,
  "stack": "RequestError: Cannot insert the value NULL into column 'OID', table 'ProjetoAPR.dbo.I_ESTPLA'; column does not allow nulls. INSERT fails.\n    at handleError (C:\\Users\\ralme\\OneDrive\\Área de Trabalho\\rebuildapr\\projetoAPR\\server\\node_modules\\mssql\\lib\\tedious\\request.js:384:15)\n    at Connection.emit (node:events:508:28)\n    at Connection.emit (C:\\Users\\ralme\\OneDrive\\Área de Trabalho\\rebuildapr\\projetoAPR\\server\\node_modules\\tedious\\lib\\connection.js:970:18)\n    at RequestTokenHandler.onErrorMessage (C:\\Users\\ralme\\OneDrive\\Área de Trabalho\\rebuildapr\\projetoAPR\\server\\node_modules\\tedious\\lib\\token\\handler.js:284:21)"
}
---
{
  "timestamp": "2026-04-10T04:33:21.886Z",
  "message": "Cannot insert the value NULL into column 'OID', table 'ProjetoAPR.dbo.I_ESTPLA'; column does not allow nulls. INSERT fails.",
  "id": "3",
  "studyNumber": "2026000301",
  "status": "Em Execução",
  "numericStatus": 205,
  "stack": "RequestError: Cannot insert the value NULL into column 'OID', table 'ProjetoAPR.dbo.I_ESTPLA'; column does not allow nulls. INSERT fails.\n    at handleError (C:\\Users\\ralme\\OneDrive\\Área de Trabalho\\rebuildapr\\projetoAPR\\server\\node_modules\\mssql\\lib\\tedious\\request.js:384:15)\n    at Connection.emit (node:events:508:28)\n    at Connection.emit (C:\\Users\\ralme\\OneDrive\\Área de Trabalho\\rebuildapr\\projetoAPR\\server\\node_modules\\tedious\\lib\\connection.js:970:18)\n    at RequestTokenHandler.onErrorMessage (C:\\Users\\ralme\\OneDrive\\Área de Trabalho\\rebuildapr\\projetoAPR\\server\\node_modules\\tedious\\lib\\token\\handler.js:284:21)"
}
---
{
  "timestamp": "2026-04-10T04:33:31.890Z",
  "message": "Cannot insert the value NULL into column 'OID', table 'ProjetoAPR.dbo.I_ESTPLA'; column does not allow nulls. INSERT fails.",
  "id": "3",
  "studyNumber": "2026000301",
  "status": "Em Execução",
  "numericStatus": 205,
  "stack": "RequestError: Cannot insert the value NULL into column 'OID', table 'ProjetoAPR.dbo.I_ESTPLA'; column does not allow nulls. INSERT fails.\n    at handleError (C:\\Users\\ralme\\OneDrive\\Área de Trabalho\\rebuildapr\\projetoAPR\\server\\node_modules\\mssql\\lib\\tedious\\request.js:384:15)\n    at Connection.emit (node:events:508:28)\n    at Connection.emit (C:\\Users\\ralme\\OneDrive\\Área de Trabalho\\rebuildapr\\projetoAPR\\server\\node_modules\\tedious\\lib\\connection.js:970:18)\n    at RequestTokenHandler.onErrorMessage (C:\\Users\\ralme\\OneDrive\\Área de Trabalho\\rebuildapr\\projetoAPR\\server\\node_modules\\tedious\\lib\\token\\handler.js:284:21)"
}
---
{
  "timestamp": "2026-04-10T04:33:41.875Z",
  "message": "Cannot insert the value NULL into column 'OID', table 'ProjetoAPR.dbo.I_ESTPLA'; column does not allow nulls. INSERT fails.",
  "id": "3",
  "studyNumber": "2026000301",
  "status": "Em Execução",
  "numericStatus": 205,
  "stack": "RequestError: Cannot insert the value NULL into column 'OID', table 'ProjetoAPR.dbo.I_ESTPLA'; column does not allow nulls. INSERT fails.\n    at handleError (C:\\Users\\ralme\\OneDrive\\Área de Trabalho\\rebuildapr\\projetoAPR\\server\\node_modules\\mssql\\lib\\tedious\\request.js:384:15)\n    at Connection.emit (node:events:508:28)\n    at Connection.emit (C:\\Users\\ralme\\OneDrive\\Área de Trabalho\\rebuildapr\\projetoAPR\\server\\node_modules\\tedious\\lib\\connection.js:970:18)\n    at RequestTokenHandler.onErrorMessage (C:\\Users\\ralme\\OneDrive\\Área de Trabalho\\rebuildapr\\projetoAPR\\server\\node_modules\\tedious\\lib\\token\\handler.js:284:21)"
}
---
{
  "timestamp": "2026-04-10T04:33:51.850Z",
  "message": "Cannot insert the value NULL into column 'OID', table 'ProjetoAPR.dbo.I_ESTPLA'; column does not allow nulls. INSERT fails.",
  "id": "3",
  "studyNumber": "2026000301",
  "status": "Em Execução",
  "numericStatus": 205,
  "stack": "RequestError: Cannot insert the value NULL into column 'OID', table 'ProjetoAPR.dbo.I_ESTPLA'; column does not allow nulls. INSERT fails.\n    at handleError (C:\\Users\\ralme\\OneDrive\\Área de Trabalho\\rebuildapr\\projetoAPR\\server\\node_modules\\mssql\\lib\\tedious\\request.js:384:15)\n    at Connection.emit (node:events:508:28)\n    at Connection.emit (C:\\Users\\ralme\\OneDrive\\Área de Trabalho\\rebuildapr\\projetoAPR\\server\\node_modules\\tedious\\lib\\connection.js:970:18)\n    at RequestTokenHandler.onErrorMessage (C:\\Users\\ralme\\OneDrive\\Área de Trabalho\\rebuildapr\\projetoAPR\\server\\node_modules\\tedious\\lib\\token\\handler.js:284:21)"
}
---
{
  "timestamp": "2026-04-10T04:34:01.850Z",
  "message": "Cannot insert the value NULL into column 'OID', table 'ProjetoAPR.dbo.I_ESTPLA'; column does not allow nulls. INSERT fails.",
  "id": "3",
  "studyNumber": "2026000301",
  "status": "Em Execução",
  "numericStatus": 205,
  "stack": "RequestError: Cannot insert the value NULL into column 'OID', table 'ProjetoAPR.dbo.I_ESTPLA'; column does not allow nulls. INSERT fails.\n    at handleError (C:\\Users\\ralme\\OneDrive\\Área de Trabalho\\rebuildapr\\projetoAPR\\server\\node_modules\\mssql\\lib\\tedious\\request.js:384:15)\n    at Connection.emit (node:events:508:28)\n    at Connection.emit (C:\\Users\\ralme\\OneDrive\\Área de Trabalho\\rebuildapr\\projetoAPR\\server\\node_modules\\tedious\\lib\\connection.js:970:18)\n    at RequestTokenHandler.onErrorMessage (C:\\Users\\ralme\\OneDrive\\Área de Trabalho\\rebuildapr\\projetoAPR\\server\\node_modules\\tedious\\lib\\token\\handler.js:284:21)"
}
---
{
  "timestamp": "2026-04-10T04:34:11.898Z",
  "message": "Cannot insert the value NULL into column 'OID', table 'ProjetoAPR.dbo.I_ESTPLA'; column does not allow nulls. INSERT fails.",
  "id": "3",
  "studyNumber": "2026000301",
  "status": "Em Execução",
  "numericStatus": 205,
  "stack": "RequestError: Cannot insert the value NULL into column 'OID', table 'ProjetoAPR.dbo.I_ESTPLA'; column does not allow nulls. INSERT fails.\n    at handleError (C:\\Users\\ralme\\OneDrive\\Área de Trabalho\\rebuildapr\\projetoAPR\\server\\node_modules\\mssql\\lib\\tedious\\request.js:384:15)\n    at Connection.emit (node:events:508:28)\n    at Connection.emit (C:\\Users\\ralme\\OneDrive\\Área de Trabalho\\rebuildapr\\projetoAPR\\server\\node_modules\\tedious\\lib\\connection.js:970:18)\n    at RequestTokenHandler.onErrorMessage (C:\\Users\\ralme\\OneDrive\\Área de Trabalho\\rebuildapr\\projetoAPR\\server\\node_modules\\tedious\\lib\\token\\handler.js:284:21)"
}
---
{
  "timestamp": "2026-04-10T04:34:21.870Z",
  "message": "Cannot insert the value NULL into column 'OID', table 'ProjetoAPR.dbo.I_ESTPLA'; column does not allow nulls. INSERT fails.",
  "id": "3",
  "studyNumber": "2026000301",
  "status": "Em Execução",
  "numericStatus": 205,
  "stack": "RequestError: Cannot insert the value NULL into column 'OID', table 'ProjetoAPR.dbo.I_ESTPLA'; column does not allow nulls. INSERT fails.\n    at handleError (C:\\Users\\ralme\\OneDrive\\Área de Trabalho\\rebuildapr\\projetoAPR\\server\\node_modules\\mssql\\lib\\tedious\\request.js:384:15)\n    at Connection.emit (node:events:508:28)\n    at Connection.emit (C:\\Users\\ralme\\OneDrive\\Área de Trabalho\\rebuildapr\\projetoAPR\\server\\node_modules\\tedious\\lib\\connection.js:970:18)\n    at RequestTokenHandler.onErrorMessage (C:\\Users\\ralme\\OneDrive\\Área de Trabalho\\rebuildapr\\projetoAPR\\server\\node_modules\\tedious\\lib\\token\\handler.js:284:21)"
}
---
{
  "timestamp": "2026-04-10T04:34:31.846Z",
  "message": "Cannot insert the value NULL into column 'OID', table 'ProjetoAPR.dbo.I_ESTPLA'; column does not allow nulls. INSERT fails.",
  "id": "3",
  "studyNumber": "2026000301",
  "status": "Em Execução",
  "numericStatus": 205,
  "stack": "RequestError: Cannot insert the value NULL into column 'OID', table 'ProjetoAPR.dbo.I_ESTPLA'; column does not allow nulls. INSERT fails.\n    at handleError (C:\\Users\\ralme\\OneDrive\\Área de Trabalho\\rebuildapr\\projetoAPR\\server\\node_modules\\mssql\\lib\\tedious\\request.js:384:15)\n    at Connection.emit (node:events:508:28)\n    at Connection.emit (C:\\Users\\ralme\\OneDrive\\Área de Trabalho\\rebuildapr\\projetoAPR\\server\\node_modules\\tedious\\lib\\connection.js:970:18)\n    at RequestTokenHandler.onErrorMessage (C:\\Users\\ralme\\OneDrive\\Área de Trabalho\\rebuildapr\\projetoAPR\\server\\node_modules\\tedious\\lib\\token\\handler.js:284:21)"
}
---
{
  "timestamp": "2026-04-10T04:34:41.880Z",
  "message": "Cannot insert the value NULL into column 'OID', table 'ProjetoAPR.dbo.I_ESTPLA'; column does not allow nulls. INSERT fails.",
  "id": "3",
  "studyNumber": "2026000301",
  "status": "Em Execução",
  "numericStatus": 205,
  "stack": "RequestError: Cannot insert the value NULL into column 'OID', table 'ProjetoAPR.dbo.I_ESTPLA'; column does not allow nulls. INSERT fails.\n    at handleError (C:\\Users\\ralme\\OneDrive\\Área de Trabalho\\rebuildapr\\projetoAPR\\server\\node_modules\\mssql\\lib\\tedious\\request.js:384:15)\n    at Connection.emit (node:events:508:28)\n    at Connection.emit (C:\\Users\\ralme\\OneDrive\\Área de Trabalho\\rebuildapr\\projetoAPR\\server\\node_modules\\tedious\\lib\\connection.js:970:18)\n    at RequestTokenHandler.onErrorMessage (C:\\Users\\ralme\\OneDrive\\Área de Trabalho\\rebuildapr\\projetoAPR\\server\\node_modules\\tedious\\lib\\token\\handler.js:284:21)"
}
---
{
  "timestamp": "2026-04-10T04:34:51.880Z",
  "message": "Cannot insert the value NULL into column 'OID', table 'ProjetoAPR.dbo.I_ESTPLA'; column does not allow nulls. INSERT fails.",
  "id": "3",
  "studyNumber": "2026000301",
  "status": "Em Execução",
  "numericStatus": 205,
  "stack": "RequestError: Cannot insert the value NULL into column 'OID', table 'ProjetoAPR.dbo.I_ESTPLA'; column does not allow nulls. INSERT fails.\n    at handleError (C:\\Users\\ralme\\OneDrive\\Área de Trabalho\\rebuildapr\\projetoAPR\\server\\node_modules\\mssql\\lib\\tedious\\request.js:384:15)\n    at Connection.emit (node:events:508:28)\n    at Connection.emit (C:\\Users\\ralme\\OneDrive\\Área de Trabalho\\rebuildapr\\projetoAPR\\server\\node_modules\\tedious\\lib\\connection.js:970:18)\n    at RequestTokenHandler.onErrorMessage (C:\\Users\\ralme\\OneDrive\\Área de Trabalho\\rebuildapr\\projetoAPR\\server\\node_modules\\tedious\\lib\\token\\handler.js:284:21)"
}
---
{
  "timestamp": "2026-04-10T04:35:01.850Z",
  "message": "Cannot insert the value NULL into column 'OID', table 'ProjetoAPR.dbo.I_ESTPLA'; column does not allow nulls. INSERT fails.",
  "id": "3",
  "studyNumber": "2026000301",
  "status": "Em Execução",
  "numericStatus": 205,
  "stack": "RequestError: Cannot insert the value NULL into column 'OID', table 'ProjetoAPR.dbo.I_ESTPLA'; column does not allow nulls. INSERT fails.\n    at handleError (C:\\Users\\ralme\\OneDrive\\Área de Trabalho\\rebuildapr\\projetoAPR\\server\\node_modules\\mssql\\lib\\tedious\\request.js:384:15)\n    at Connection.emit (node:events:508:28)\n    at Connection.emit (C:\\Users\\ralme\\OneDrive\\Área de Trabalho\\rebuildapr\\projetoAPR\\server\\node_modules\\tedious\\lib\\connection.js:970:18)\n    at RequestTokenHandler.onErrorMessage (C:\\Users\\ralme\\OneDrive\\Área de Trabalho\\rebuildapr\\projetoAPR\\server\\node_modules\\tedious\\lib\\token\\handler.js:284:21)"
}
---
{
  "timestamp": "2026-04-10T04:35:11.842Z",
  "message": "Cannot insert the value NULL into column 'OID', table 'ProjetoAPR.dbo.I_ESTPLA'; column does not allow nulls. INSERT fails.",
  "id": "3",
  "studyNumber": "2026000301",
  "status": "Em Execução",
  "numericStatus": 205,
  "stack": "RequestError: Cannot insert the value NULL into column 'OID', table 'ProjetoAPR.dbo.I_ESTPLA'; column does not allow nulls. INSERT fails.\n    at handleError (C:\\Users\\ralme\\OneDrive\\Área de Trabalho\\rebuildapr\\projetoAPR\\server\\node_modules\\mssql\\lib\\tedious\\request.js:384:15)\n    at Connection.emit (node:events:508:28)\n    at Connection.emit (C:\\Users\\ralme\\OneDrive\\Área de Trabalho\\rebuildapr\\projetoAPR\\server\\node_modules\\tedious\\lib\\connection.js:970:18)\n    at RequestTokenHandler.onErrorMessage (C:\\Users\\ralme\\OneDrive\\Área de Trabalho\\rebuildapr\\projetoAPR\\server\\node_modules\\tedious\\lib\\token\\handler.js:284:21)"
}
---
{
  "timestamp": "2026-04-10T04:35:21.846Z",
  "message": "Cannot insert the value NULL into column 'OID', table 'ProjetoAPR.dbo.I_ESTPLA'; column does not allow nulls. INSERT fails.",
  "id": "3",
  "studyNumber": "2026000301",
  "status": "Em Execução",
  "numericStatus": 205,
  "stack": "RequestError: Cannot insert the value NULL into column 'OID', table 'ProjetoAPR.dbo.I_ESTPLA'; column does not allow nulls. INSERT fails.\n    at handleError (C:\\Users\\ralme\\OneDrive\\Área de Trabalho\\rebuildapr\\projetoAPR\\server\\node_modules\\mssql\\lib\\tedious\\request.js:384:15)\n    at Connection.emit (node:events:508:28)\n    at Connection.emit (C:\\Users\\ralme\\OneDrive\\Área de Trabalho\\rebuildapr\\projetoAPR\\server\\node_modules\\tedious\\lib\\connection.js:970:18)\n    at RequestTokenHandler.onErrorMessage (C:\\Users\\ralme\\OneDrive\\Área de Trabalho\\rebuildapr\\projetoAPR\\server\\node_modules\\tedious\\lib\\token\\handler.js:284:21)"
}
---
{
  "timestamp": "2026-04-10T04:35:31.856Z",
  "message": "Cannot insert the value NULL into column 'OID', table 'ProjetoAPR.dbo.I_ESTPLA'; column does not allow nulls. INSERT fails.",
  "id": "3",
  "studyNumber": "2026000301",
  "status": "Em Execução",
  "numericStatus": 205,
  "stack": "RequestError: Cannot insert the value NULL into column 'OID', table 'ProjetoAPR.dbo.I_ESTPLA'; column does not allow nulls. INSERT fails.\n    at handleError (C:\\Users\\ralme\\OneDrive\\Área de Trabalho\\rebuildapr\\projetoAPR\\server\\node_modules\\mssql\\lib\\tedious\\request.js:384:15)\n    at Connection.emit (node:events:508:28)\n    at Connection.emit (C:\\Users\\ralme\\OneDrive\\Área de Trabalho\\rebuildapr\\projetoAPR\\server\\node_modules\\tedious\\lib\\connection.js:970:18)\n    at RequestTokenHandler.onErrorMessage (C:\\Users\\ralme\\OneDrive\\Área de Trabalho\\rebuildapr\\projetoAPR\\server\\node_modules\\tedious\\lib\\token\\handler.js:284:21)"
}
---
{
  "timestamp": "2026-04-10T04:35:41.848Z",
  "message": "Cannot insert the value NULL into column 'OID', table 'ProjetoAPR.dbo.I_ESTPLA'; column does not allow nulls. INSERT fails.",
  "id": "3",
  "studyNumber": "2026000301",
  "status": "Em Execução",
  "numericStatus": 205,
  "stack": "RequestError: Cannot insert the value NULL into column 'OID', table 'ProjetoAPR.dbo.I_ESTPLA'; column does not allow nulls. INSERT fails.\n    at handleError (C:\\Users\\ralme\\OneDrive\\Área de Trabalho\\rebuildapr\\projetoAPR\\server\\node_modules\\mssql\\lib\\tedious\\request.js:384:15)\n    at Connection.emit (node:events:508:28)\n    at Connection.emit (C:\\Users\\ralme\\OneDrive\\Área de Trabalho\\rebuildapr\\projetoAPR\\server\\node_modules\\tedious\\lib\\connection.js:970:18)\n    at RequestTokenHandler.onErrorMessage (C:\\Users\\ralme\\OneDrive\\Área de Trabalho\\rebuildapr\\projetoAPR\\server\\node_modules\\tedious\\lib\\token\\handler.js:284:21)"
}
---
{
  "timestamp": "2026-04-10T04:35:51.887Z",
  "message": "Cannot insert the value NULL into column 'OID', table 'ProjetoAPR.dbo.I_ESTPLA'; column does not allow nulls. INSERT fails.",
  "id": "3",
  "studyNumber": "2026000301",
  "status": "Em Execução",
  "numericStatus": 205,
  "stack": "RequestError: Cannot insert the value NULL into column 'OID', table 'ProjetoAPR.dbo.I_ESTPLA'; column does not allow nulls. INSERT fails.\n    at handleError (C:\\Users\\ralme\\OneDrive\\Área de Trabalho\\rebuildapr\\projetoAPR\\server\\node_modules\\mssql\\lib\\tedious\\request.js:384:15)\n    at Connection.emit (node:events:508:28)\n    at Connection.emit (C:\\Users\\ralme\\OneDrive\\Área de Trabalho\\rebuildapr\\projetoAPR\\server\\node_modules\\tedious\\lib\\connection.js:970:18)\n    at RequestTokenHandler.onErrorMessage (C:\\Users\\ralme\\OneDrive\\Área de Trabalho\\rebuildapr\\projetoAPR\\server\\node_modules\\tedious\\lib\\token\\handler.js:284:21)"
}
---
{
  "timestamp": "2026-04-10T04:36:01.846Z",
  "message": "Cannot insert the value NULL into column 'OID', table 'ProjetoAPR.dbo.I_ESTPLA'; column does not allow nulls. INSERT fails.",
  "id": "3",
  "studyNumber": "2026000301",
  "status": "Em Execução",
  "numericStatus": 205,
  "stack": "RequestError: Cannot insert the value NULL into column 'OID', table 'ProjetoAPR.dbo.I_ESTPLA'; column does not allow nulls. INSERT fails.\n    at handleError (C:\\Users\\ralme\\OneDrive\\Área de Trabalho\\rebuildapr\\projetoAPR\\server\\node_modules\\mssql\\lib\\tedious\\request.js:384:15)\n    at Connection.emit (node:events:508:28)\n    at Connection.emit (C:\\Users\\ralme\\OneDrive\\Área de Trabalho\\rebuildapr\\projetoAPR\\server\\node_modules\\tedious\\lib\\connection.js:970:18)\n    at RequestTokenHandler.onErrorMessage (C:\\Users\\ralme\\OneDrive\\Área de Trabalho\\rebuildapr\\projetoAPR\\server\\node_modules\\tedious\\lib\\token\\handler.js:284:21)"
}
---
{
  "timestamp": "2026-04-10T04:38:42.562Z",
  "message": "Invalid column name 'OBJECT'.",
  "id": "3",
  "studyNumber": "2026000301",
  "status": "Em Execução",
  "numericStatus": 205,
  "stack": "RequestError: Invalid column name 'OBJECT'.\n    at handleError (C:\\Users\\ralme\\OneDrive\\Área de Trabalho\\rebuildapr\\projetoAPR\\server\\node_modules\\mssql\\lib\\tedious\\request.js:384:15)\n    at Connection.emit (node:events:508:28)\n    at Connection.emit (C:\\Users\\ralme\\OneDrive\\Área de Trabalho\\rebuildapr\\projetoAPR\\server\\node_modules\\tedious\\lib\\connection.js:970:18)\n    at RequestTokenHandler.onErrorMessage (C:\\Users\\ralme\\OneDrive\\Área de Trabalho\\rebuildapr\\projetoAPR\\server\\node_modules\\tedious\\lib\\token\\handler.js:284:21)"
}
---
{
  "timestamp": "2026-04-10T04:38:52.185Z",
  "message": "Invalid column name 'OBJECT'.",
  "id": "3",
  "studyNumber": "2026000301",
  "status": "Em Execução",
  "numericStatus": 205,
  "stack": "RequestError: Invalid column name 'OBJECT'.\n    at handleError (C:\\Users\\ralme\\OneDrive\\Área de Trabalho\\rebuildapr\\projetoAPR\\server\\node_modules\\mssql\\lib\\tedious\\request.js:384:15)\n    at Connection.emit (node:events:508:28)\n    at Connection.emit (C:\\Users\\ralme\\OneDrive\\Área de Trabalho\\rebuildapr\\projetoAPR\\server\\node_modules\\tedious\\lib\\connection.js:970:18)\n    at RequestTokenHandler.onErrorMessage (C:\\Users\\ralme\\OneDrive\\Área de Trabalho\\rebuildapr\\projetoAPR\\server\\node_modules\\tedious\\lib\\token\\handler.js:284:21)"
}
---
{
  "timestamp": "2026-04-10T04:39:02.203Z",
  "message": "Invalid column name 'OBJECT'.",
  "id": "3",
  "studyNumber": "2026000301",
  "status": "Em Execução",
  "numericStatus": 205,
  "stack": "RequestError: Invalid column name 'OBJECT'.\n    at handleError (C:\\Users\\ralme\\OneDrive\\Área de Trabalho\\rebuildapr\\projetoAPR\\server\\node_modules\\mssql\\lib\\tedious\\request.js:384:15)\n    at Connection.emit (node:events:508:28)\n    at Connection.emit (C:\\Users\\ralme\\OneDrive\\Área de Trabalho\\rebuildapr\\projetoAPR\\server\\node_modules\\tedious\\lib\\connection.js:970:18)\n    at RequestTokenHandler.onErrorMessage (C:\\Users\\ralme\\OneDrive\\Área de Trabalho\\rebuildapr\\projetoAPR\\server\\node_modules\\tedious\\lib\\token\\handler.js:284:21)"
}
---
{
  "timestamp": "2026-04-10T04:39:12.194Z",
  "message": "Invalid column name 'OBJECT'.",
  "id": "3",
  "studyNumber": "2026000301",
  "status": "Em Execução",
  "numericStatus": 205,
  "stack": "RequestError: Invalid column name 'OBJECT'.\n    at handleError (C:\\Users\\ralme\\OneDrive\\Área de Trabalho\\rebuildapr\\projetoAPR\\server\\node_modules\\mssql\\lib\\tedious\\request.js:384:15)\n    at Connection.emit (node:events:508:28)\n    at Connection.emit (C:\\Users\\ralme\\OneDrive\\Área de Trabalho\\rebuildapr\\projetoAPR\\server\\node_modules\\tedious\\lib\\connection.js:970:18)\n    at RequestTokenHandler.onErrorMessage (C:\\Users\\ralme\\OneDrive\\Área de Trabalho\\rebuildapr\\projetoAPR\\server\\node_modules\\tedious\\lib\\token\\handler.js:284:21)"
}
---
{
  "timestamp": "2026-04-10T04:39:22.212Z",
  "message": "Invalid column name 'OBJECT'.",
  "id": "3",
  "studyNumber": "2026000301",
  "status": "Em Execução",
  "numericStatus": 205,
  "stack": "RequestError: Invalid column name 'OBJECT'.\n    at handleError (C:\\Users\\ralme\\OneDrive\\Área de Trabalho\\rebuildapr\\projetoAPR\\server\\node_modules\\mssql\\lib\\tedious\\request.js:384:15)\n    at Connection.emit (node:events:508:28)\n    at Connection.emit (C:\\Users\\ralme\\OneDrive\\Área de Trabalho\\rebuildapr\\projetoAPR\\server\\node_modules\\tedious\\lib\\connection.js:970:18)\n    at RequestTokenHandler.onErrorMessage (C:\\Users\\ralme\\OneDrive\\Área de Trabalho\\rebuildapr\\projetoAPR\\server\\node_modules\\tedious\\lib\\token\\handler.js:284:21)"
}
---
{
  "timestamp": "2026-04-10T04:39:32.164Z",
  "message": "Invalid column name 'OBJECT'.",
  "id": "3",
  "studyNumber": "2026000301",
  "status": "Em Execução",
  "numericStatus": 205,
  "stack": "RequestError: Invalid column name 'OBJECT'.\n    at handleError (C:\\Users\\ralme\\OneDrive\\Área de Trabalho\\rebuildapr\\projetoAPR\\server\\node_modules\\mssql\\lib\\tedious\\request.js:384:15)\n    at Connection.emit (node:events:508:28)\n    at Connection.emit (C:\\Users\\ralme\\OneDrive\\Área de Trabalho\\rebuildapr\\projetoAPR\\server\\node_modules\\tedious\\lib\\connection.js:970:18)\n    at RequestTokenHandler.onErrorMessage (C:\\Users\\ralme\\OneDrive\\Área de Trabalho\\rebuildapr\\projetoAPR\\server\\node_modules\\tedious\\lib\\token\\handler.js:284:21)"
}
---
{
  "timestamp": "2026-04-10T04:39:42.665Z",
  "message": "Invalid column name 'OBJECT'.",
  "id": "3",
  "studyNumber": "2026000301",
  "status": "Em Execução",
  "numericStatus": 205,
  "stack": "RequestError: Invalid column name 'OBJECT'.\n    at handleError (C:\\Users\\ralme\\OneDrive\\Área de Trabalho\\rebuildapr\\projetoAPR\\server\\node_modules\\mssql\\lib\\tedious\\request.js:384:15)\n    at Connection.emit (node:events:508:28)\n    at Connection.emit (C:\\Users\\ralme\\OneDrive\\Área de Trabalho\\rebuildapr\\projetoAPR\\server\\node_modules\\tedious\\lib\\connection.js:970:18)\n    at RequestTokenHandler.onErrorMessage (C:\\Users\\ralme\\OneDrive\\Área de Trabalho\\rebuildapr\\projetoAPR\\server\\node_modules\\tedious\\lib\\token\\handler.js:284:21)"
}
---
